.\mvnw.cmd : WARNING: A restricted method in java.lang.System has been called
At line:1 char:75
+ ...  IDEA 2026.1.3\jbr"; .\mvnw.cmd clean compile > build_output.txt 2>&1
+                          ~~~~~~~~~~~~~~~~~~~~~~~~~~~~~~~~~~~~~~~~~~~~~~~~
    + CategoryInfo          : NotSpecified: (WARNING: A rest...has been called:String) [], RemoteException
    + FullyQualifiedErrorId : NativeCommandError
 
WARNING: java.lang.System::load has been called by org.fusesource.jansi.internal.JansiLoader in an unnamed module (file
:/C:/Users/TebogoMohale/.m2/wrapper/dists/apache-maven-3.8.6-bin/1ks0nkde5v1pk9vtc31i9d0lcd/apache-maven-3.8.6/lib/jans
i-2.4.0.jar)
WARNING: Use --enable-native-access=ALL-UNNAMED to avoid a warning for callers in this module
WARNING: Restricted methods will be blocked in a future release unless native access is enabled

WARNING: A terminally deprecated method in sun.misc.Unsafe has been called
WARNING: sun.misc.Unsafe::objectFieldOffset has been called by 
com.google.common.util.concurrent.AbstractFuture$UnsafeAtomicHelper (file:/C:/Users/TebogoMohale/.m2/wrapper/dists/apac
he-maven-3.8.6-bin/1ks0nkde5v1pk9vtc31i9d0lcd/apache-maven-3.8.6/lib/guava-25.1-android.jar)
WARNING: Please consider reporting this to the maintainers of class 
com.google.common.util.concurrent.AbstractFuture$UnsafeAtomicHelper
WARNING: sun.misc.Unsafe::objectFieldOffset will be removed in a future release
[INFO] Scanning for projects...
[INFO] 
[INFO] -----------------------< za.co.raretag:mawa-bes >-----------------------
[INFO] Building mawa-bes 0.0.1-SNAPSHOT
[INFO] --------------------------------[ jar ]---------------------------------
[WARNING] The artifact mysql:mysql-connector-java:jar:8.0.31 has been relocated to com.mysql:mysql-connector-j:jar:8.0.31: MySQL Connector/J artifacts moved to reverse-DNS compliant Maven 2+ coordinates.
[INFO] 
[INFO] --- maven-clean-plugin:2.5:clean (default-clean) @ mawa-bes ---
[INFO] Deleting C:\Users\TebogoMohale\IdeaProjects\mawa-bes\target
[INFO] 
[INFO] --- maven-resources-plugin:2.6:resources (default-resources) @ mawa-bes ---
[INFO] Using 'UTF-8' encoding to copy filtered resources.
[INFO] Copying 7 resources
[INFO] Copying 8 resources
[INFO] 
[INFO] --- maven-compiler-plugin:3.11.0:compile (default-compile) @ mawa-bes ---
[INFO] Changes detected - recompiling the module! :source
[INFO] Compiling 1047 source files with javac [debug release 17] to target\classes
[INFO] /C:/Users/TebogoMohale/IdeaProjects/mawa-bes/src/main/java/za/co/mawa/bes/service/TransactionService.java: Some input files use or override a deprecated API.
[INFO] /C:/Users/TebogoMohale/IdeaProjects/mawa-bes/src/main/java/za/co/mawa/bes/service/TransactionService.java: Recompile with -Xlint:deprecation for details.
[INFO] /C:/Users/TebogoMohale/IdeaProjects/mawa-bes/src/main/java/za/co/mawa/bes/service/PartnerService.java: Some input files use unchecked or unsafe operations.
[INFO] /C:/Users/TebogoMohale/IdeaProjects/mawa-bes/src/main/java/za/co/mawa/bes/service/PartnerService.java: Recompile with -Xlint:unchecked for details.
[INFO] -------------------------------------------------------------
[WARNING] COMPILATION WARNING : 
[INFO] -------------------------------------------------------------
[WARNING] /C:/Users/TebogoMohale/IdeaProjects/mawa-bes/src/main/java/za/co/mawa/bes/configuration/web/WebSecurityConfig.java:[93,13] cors() in org.springframework.security.config.annotation.web.builders.HttpSecurity has been deprecated and marked for removal
[WARNING] /C:/Users/TebogoMohale/IdeaProjects/mawa-bes/src/main/java/za/co/mawa/bes/configuration/web/WebSecurityConfig.java:[93,20] and() in org.springframework.security.config.annotation.SecurityConfigurerAdapter has been deprecated and marked for removal
[WARNING] /C:/Users/TebogoMohale/IdeaProjects/mawa-bes/src/main/java/za/co/mawa/bes/configuration/web/WebSecurityConfig.java:[93,26] csrf() in org.springframework.security.config.annotation.web.builders.HttpSecurity has been deprecated and marked for removal
[WARNING] /C:/Users/TebogoMohale/IdeaProjects/mawa-bes/src/main/java/za/co/mawa/bes/configuration/web/WebSecurityConfig.java:[94,17] exceptionHandling() in org.springframework.security.config.annotation.web.builders.HttpSecurity has been deprecated and marked for removal
[WARNING] /C:/Users/TebogoMohale/IdeaProjects/mawa-bes/src/main/java/za/co/mawa/bes/configuration/web/WebSecurityConfig.java:[94,83] and() in org.springframework.security.config.annotation.SecurityConfigurerAdapter has been deprecated and marked for removal
[WARNING] /C:/Users/TebogoMohale/IdeaProjects/mawa-bes/src/main/java/za/co/mawa/bes/configuration/web/WebSecurityConfig.java:[95,17] sessionManagement() in org.springframework.security.config.annotation.web.builders.HttpSecurity has been deprecated and marked for removal
[WARNING] /C:/Users/TebogoMohale/IdeaProjects/mawa-bes/src/main/java/za/co/mawa/bes/configuration/web/WebSecurityConfig.java:[95,92] and() in org.springframework.security.config.annotation.SecurityConfigurerAdapter has been deprecated and marked for removal
[INFO] 7 warnings 
[INFO] -------------------------------------------------------------
[INFO] -------------------------------------------------------------
[ERROR] COMPILATION ERROR : 
[INFO] -------------------------------------------------------------
[ERROR] /C:/Users/TebogoMohale/IdeaProjects/mawa-bes/src/main/java/za/co/mawa/bes/controller/v2/CasePartyControllerV2.java:[18,36] variable casePartyService not initialized in the default constructor
[ERROR] /C:/Users/TebogoMohale/IdeaProjects/mawa-bes/src/main/java/za/co/mawa/bes/service/v2/CasePartyService.java:[26,15] cannot find symbol
  symbol:   method setCaseId(java.lang.String)
  location: variable entity of type za.co.mawa.bes.entity.v2.CasePartyEntity
[ERROR] /C:/Users/TebogoMohale/IdeaProjects/mawa-bes/src/main/java/za/co/mawa/bes/service/v2/CasePartyService.java:[27,36] cannot find symbol
  symbol:   method getPartnerId()
  location: variable request of type za.co.mawa.bes.dto.v2.CasePartyCreateRequest
[ERROR] /C:/Users/TebogoMohale/IdeaProjects/mawa-bes/src/main/java/za/co/mawa/bes/service/v2/CasePartyService.java:[28,36] cannot find symbol
  symbol:   method getPartyName()
  location: variable request of type za.co.mawa.bes.dto.v2.CasePartyCreateRequest
[ERROR] /C:/Users/TebogoMohale/IdeaProjects/mawa-bes/src/main/java/za/co/mawa/bes/service/v2/CasePartyService.java:[29,36] cannot find symbol
  symbol:   method getPartyType()
  location: variable request of type za.co.mawa.bes.dto.v2.CasePartyCreateRequest
[ERROR] /C:/Users/TebogoMohale/IdeaProjects/mawa-bes/src/main/java/za/co/mawa/bes/service/v2/CasePartyService.java:[30,35] cannot find symbol
  symbol:   method getIdNumber()
  location: variable request of type za.co.mawa.bes.dto.v2.CasePartyCreateRequest
[ERROR] /C:/Users/TebogoMohale/IdeaProjects/mawa-bes/src/main/java/za/co/mawa/bes/service/v2/CasePartyService.java:[31,32] cannot find symbol
  symbol:   method getEmail()
  location: variable request of type za.co.mawa.bes.dto.v2.CasePartyCreateRequest
[ERROR] /C:/Users/TebogoMohale/IdeaProjects/mawa-bes/src/main/java/za/co/mawa/bes/service/v2/CasePartyService.java:[32,38] cannot find symbol
  symbol:   method getPhoneNumber()
  location: variable request of type za.co.mawa.bes.dto.v2.CasePartyCreateRequest
[ERROR] /C:/Users/TebogoMohale/IdeaProjects/mawa-bes/src/main/java/za/co/mawa/bes/service/v2/CasePartyService.java:[33,39] cannot find symbol
  symbol:   method getAttorneyFirm()
  location: variable request of type za.co.mawa.bes.dto.v2.CasePartyCreateRequest
[ERROR] /C:/Users/TebogoMohale/IdeaProjects/mawa-bes/src/main/java/za/co/mawa/bes/service/v2/CasePartyService.java:[34,39] cannot find symbol
  symbol:   method getAttorneyName()
  location: variable request of type za.co.mawa.bes.dto.v2.CasePartyCreateRequest
[ERROR] /C:/Users/TebogoMohale/IdeaProjects/mawa-bes/src/main/java/za/co/mawa/bes/service/v2/CasePartyService.java:[35,32] cannot find symbol
  symbol:   method getNotes()
  location: variable request of type za.co.mawa.bes.dto.v2.CasePartyCreateRequest
[ERROR] /C:/Users/TebogoMohale/IdeaProjects/mawa-bes/src/main/java/za/co/mawa/bes/service/v2/CasePartyService.java:[36,15] cannot find symbol
  symbol:   method setCreatedAt(java.time.LocalDateTime)
  location: variable entity of type za.co.mawa.bes.entity.v2.CasePartyEntity
[ERROR] /C:/Users/TebogoMohale/IdeaProjects/mawa-bes/src/main/java/za/co/mawa/bes/service/v2/CasePartyService.java:[37,15] cannot find symbol
  symbol:   method setCreatedBy(java.lang.String)
  location: variable entity of type za.co.mawa.bes.entity.v2.CasePartyEntity
[ERROR] /C:/Users/TebogoMohale/IdeaProjects/mawa-bes/src/main/java/za/co/mawa/bes/service/v2/LegalCaseService.java:[23,15] cannot find symbol
  symbol:   method setCaseNo(java.lang.String)
  location: variable entity of type za.co.mawa.bes.entity.v2.LegalCaseEntity
[ERROR] /C:/Users/TebogoMohale/IdeaProjects/mawa-bes/src/main/java/za/co/mawa/bes/service/v2/LegalCaseService.java:[24,32] cannot find symbol
  symbol:   method getTitle()
  location: variable request of type za.co.mawa.bes.dto.v2.LegalCaseCreateRequest
[ERROR] /C:/Users/TebogoMohale/IdeaProjects/mawa-bes/src/main/java/za/co/mawa/bes/service/v2/LegalCaseService.java:[25,42] cannot find symbol
  symbol:   method getClientPartnerId()
  location: variable request of type za.co.mawa.bes.dto.v2.LegalCaseCreateRequest
[ERROR] /C:/Users/TebogoMohale/IdeaProjects/mawa-bes/src/main/java/za/co/mawa/bes/service/v2/LegalCaseService.java:[26,35] cannot find symbol
  symbol:   method getCaseType()
  location: variable request of type za.co.mawa.bes.dto.v2.LegalCaseCreateRequest
[ERROR] /C:/Users/TebogoMohale/IdeaProjects/mawa-bes/src/main/java/za/co/mawa/bes/service/v2/LegalCaseService.java:[27,39] cannot find symbol
  symbol:   method getCaseCategory()
  location: variable request of type za.co.mawa.bes.dto.v2.LegalCaseCreateRequest
[ERROR] /C:/Users/TebogoMohale/IdeaProjects/mawa-bes/src/main/java/za/co/mawa/bes/service/v2/LegalCaseService.java:[28,38] cannot find symbol
  symbol:   method getDescription()
  location: variable request of type za.co.mawa.bes.dto.v2.LegalCaseCreateRequest
[ERROR] /C:/Users/TebogoMohale/IdeaProjects/mawa-bes/src/main/java/za/co/mawa/bes/service/v2/LegalCaseService.java:[29,20] cannot find symbol
  symbol:   method getPriority()
  location: variable request of type za.co.mawa.bes.dto.v2.LegalCaseCreateRequest
[ERROR] /C:/Users/TebogoMohale/IdeaProjects/mawa-bes/src/main/java/za/co/mawa/bes/service/v2/LegalCaseService.java:[29,70] cannot find symbol
  symbol:   method getPriority()
  location: variable request of type za.co.mawa.bes.dto.v2.LegalCaseCreateRequest
[ERROR] /C:/Users/TebogoMohale/IdeaProjects/mawa-bes/src/main/java/za/co/mawa/bes/service/v2/LegalCaseService.java:[30,37] cannot find symbol
  symbol:   method getAssignedTo()
  location: variable request of type za.co.mawa.bes.dto.v2.LegalCaseCreateRequest
[ERROR] /C:/Users/TebogoMohale/IdeaProjects/mawa-bes/src/main/java/za/co/mawa/bes/service/v2/LegalCaseService.java:[31,15] cannot find symbol
  symbol:   method setOpenedDate(request.ge[...]now())
  location: variable entity of type za.co.mawa.bes.entity.v2.LegalCaseEntity
[ERROR] /C:/Users/TebogoMohale/IdeaProjects/mawa-bes/src/main/java/za/co/mawa/bes/service/v2/LegalCaseService.java:[31,37] cannot find symbol
  symbol:   method getOpenedDate()
  location: variable request of type za.co.mawa.bes.dto.v2.LegalCaseCreateRequest
[ERROR] /C:/Users/TebogoMohale/IdeaProjects/mawa-bes/src/main/java/za/co/mawa/bes/service/v2/LegalCaseService.java:[31,71] cannot find symbol
  symbol:   method getOpenedDate()
  location: variable request of type za.co.mawa.bes.dto.v2.LegalCaseCreateRequest
[ERROR] /C:/Users/TebogoMohale/IdeaProjects/mawa-bes/src/main/java/za/co/mawa/bes/service/v2/LegalCaseService.java:[32,36] cannot find symbol
  symbol:   method getCourtName()
  location: variable request of type za.co.mawa.bes.dto.v2.LegalCaseCreateRequest
[ERROR] /C:/Users/TebogoMohale/IdeaProjects/mawa-bes/src/main/java/za/co/mawa/bes/service/v2/LegalCaseService.java:[33,38] cannot find symbol
  symbol:   method getCourtCaseNo()
  location: variable request of type za.co.mawa.bes.dto.v2.LegalCaseCreateRequest
[ERROR] /C:/Users/TebogoMohale/IdeaProjects/mawa-bes/src/main/java/za/co/mawa/bes/service/v2/LegalCaseService.java:[34,36] cannot find symbol
  symbol:   method getForumType()
  location: variable request of type za.co.mawa.bes.dto.v2.LegalCaseCreateRequest
[ERROR] /C:/Users/TebogoMohale/IdeaProjects/mawa-bes/src/main/java/za/co/mawa/bes/service/v2/LegalCaseService.java:[35,20] cannot find symbol
  symbol:   method getBillingType()
  location: variable request of type za.co.mawa.bes.dto.v2.LegalCaseCreateRequest
[ERROR] /C:/Users/TebogoMohale/IdeaProjects/mawa-bes/src/main/java/za/co/mawa/bes/service/v2/LegalCaseService.java:[35,76] cannot find symbol
  symbol:   method getBillingType()
  location: variable request of type za.co.mawa.bes.dto.v2.LegalCaseCreateRequest
[ERROR] /C:/Users/TebogoMohale/IdeaProjects/mawa-bes/src/main/java/za/co/mawa/bes/service/v2/LegalCaseService.java:[36,42] cannot find symbol
  symbol:   method getHourlyRateCents()
  location: variable request of type za.co.mawa.bes.dto.v2.LegalCaseCreateRequest
[ERROR] /C:/Users/TebogoMohale/IdeaProjects/mawa-bes/src/main/java/za/co/mawa/bes/service/v2/LegalCaseService.java:[37,40] cannot find symbol
  symbol:   method getFixedFeeCents()
  location: variable request of type za.co.mawa.bes.dto.v2.LegalCaseCreateRequest
[ERROR] /C:/Users/TebogoMohale/IdeaProjects/mawa-bes/src/main/java/za/co/mawa/bes/service/v2/LegalCaseService.java:[38,20] cannot find symbol
  symbol:   method getBillable()
  location: variable request of type za.co.mawa.bes.dto.v2.LegalCaseCreateRequest
[ERROR] /C:/Users/TebogoMohale/IdeaProjects/mawa-bes/src/main/java/za/co/mawa/bes/service/v2/LegalCaseService.java:[38,70] cannot find symbol
  symbol:   method getBillable()
  location: variable request of type za.co.mawa.bes.dto.v2.LegalCaseCreateRequest
[ERROR] /C:/Users/TebogoMohale/IdeaProjects/mawa-bes/src/main/java/za/co/mawa/bes/service/v2/LegalCaseService.java:[39,15] cannot find symbol
  symbol:   method setStatus(za.co.mawa.bes.enums.LegalCaseStatus)
  location: variable entity of type za.co.mawa.bes.entity.v2.LegalCaseEntity
[ERROR] /C:/Users/TebogoMohale/IdeaProjects/mawa-bes/src/main/java/za/co/mawa/bes/service/v2/LegalCaseService.java:[40,15] cannot find symbol
  symbol:   method setCreatedAt(java.time.LocalDateTime)
  location: variable entity of type za.co.mawa.bes.entity.v2.LegalCaseEntity
[ERROR] /C:/Users/TebogoMohale/IdeaProjects/mawa-bes/src/main/java/za/co/mawa/bes/service/v2/LegalCaseService.java:[41,15] cannot find symbol
  symbol:   method setCreatedBy(java.lang.String)
  location: variable entity of type za.co.mawa.bes.entity.v2.LegalCaseEntity
[ERROR] /C:/Users/TebogoMohale/IdeaProjects/mawa-bes/src/main/java/za/co/mawa/bes/service/v2/LegalCaseService.java:[53,20] cannot find symbol
  symbol:   method getTitle()
  location: variable request of type za.co.mawa.bes.dto.v2.LegalCaseUpdateRequest
[ERROR] /C:/Users/TebogoMohale/IdeaProjects/mawa-bes/src/main/java/za/co/mawa/bes/service/v2/LegalCaseService.java:[53,64] cannot find symbol
  symbol:   method getTitle()
  location: variable request of type za.co.mawa.bes.dto.v2.LegalCaseUpdateRequest
[ERROR] /C:/Users/TebogoMohale/IdeaProjects/mawa-bes/src/main/java/za/co/mawa/bes/service/v2/LegalCaseService.java:[54,39] cannot find symbol
  symbol:   method getCaseCategory()
  location: variable request of type za.co.mawa.bes.dto.v2.LegalCaseUpdateRequest
[ERROR] /C:/Users/TebogoMohale/IdeaProjects/mawa-bes/src/main/java/za/co/mawa/bes/service/v2/LegalCaseService.java:[55,38] cannot find symbol
  symbol:   method getDescription()
  location: variable request of type za.co.mawa.bes.dto.v2.LegalCaseUpdateRequest
[ERROR] /C:/Users/TebogoMohale/IdeaProjects/mawa-bes/src/main/java/za/co/mawa/bes/service/v2/LegalCaseService.java:[56,20] cannot find symbol
  symbol:   method getStatus()
  location: variable request of type za.co.mawa.bes.dto.v2.LegalCaseUpdateRequest
[ERROR] /C:/Users/TebogoMohale/IdeaProjects/mawa-bes/src/main/java/za/co/mawa/bes/service/v2/LegalCaseService.java:[57,37] cannot find symbol
  symbol:   method getStatus()
  location: variable request of type za.co.mawa.bes.dto.v2.LegalCaseUpdateRequest
[ERROR] /C:/Users/TebogoMohale/IdeaProjects/mawa-bes/src/main/java/za/co/mawa/bes/service/v2/LegalCaseService.java:[58,24] cannot find symbol
  symbol:   method getStatus()
  location: variable request of type za.co.mawa.bes.dto.v2.LegalCaseUpdateRequest
[ERROR] /C:/Users/TebogoMohale/IdeaProjects/mawa-bes/src/main/java/za/co/mawa/bes/service/v2/LegalCaseService.java:[58,70] cannot find symbol
  symbol:   method setClosedDate(java.time.LocalDate)
  location: variable entity of type za.co.mawa.bes.entity.v2.LegalCaseEntity
[ERROR] /C:/Users/TebogoMohale/IdeaProjects/mawa-bes/src/main/java/za/co/mawa/bes/service/v2/LegalCaseService.java:[60,20] cannot find symbol
  symbol:   method getPriority()
  location: variable request of type za.co.mawa.bes.dto.v2.LegalCaseUpdateRequest
[ERROR] /C:/Users/TebogoMohale/IdeaProjects/mawa-bes/src/main/java/za/co/mawa/bes/service/v2/LegalCaseService.java:[60,70] cannot find symbol
  symbol:   method getPriority()
  location: variable request of type za.co.mawa.bes.dto.v2.LegalCaseUpdateRequest
[ERROR] /C:/Users/TebogoMohale/IdeaProjects/mawa-bes/src/main/java/za/co/mawa/bes/service/v2/LegalCaseService.java:[61,37] cannot find symbol
  symbol:   method getAssignedTo()
  location: variable request of type za.co.mawa.bes.dto.v2.LegalCaseUpdateRequest
[ERROR] /C:/Users/TebogoMohale/IdeaProjects/mawa-bes/src/main/java/za/co/mawa/bes/service/v2/LegalCaseService.java:[62,36] cannot find symbol
  symbol:   method getCourtName()
  location: variable request of type za.co.mawa.bes.dto.v2.LegalCaseUpdateRequest
[ERROR] /C:/Users/TebogoMohale/IdeaProjects/mawa-bes/src/main/java/za/co/mawa/bes/service/v2/LegalCaseService.java:[63,38] cannot find symbol
  symbol:   method getCourtCaseNo()
  location: variable request of type za.co.mawa.bes.dto.v2.LegalCaseUpdateRequest
[ERROR] /C:/Users/TebogoMohale/IdeaProjects/mawa-bes/src/main/java/za/co/mawa/bes/service/v2/LegalCaseService.java:[64,36] cannot find symbol
  symbol:   method getForumType()
  location: variable request of type za.co.mawa.bes.dto.v2.LegalCaseUpdateRequest
[ERROR] /C:/Users/TebogoMohale/IdeaProjects/mawa-bes/src/main/java/za/co/mawa/bes/service/v2/LegalCaseService.java:[65,45] cannot find symbol
  symbol:   method getNextAppearanceDate()
  location: variable request of type za.co.mawa.bes.dto.v2.LegalCaseUpdateRequest
[ERROR] /C:/Users/TebogoMohale/IdeaProjects/mawa-bes/src/main/java/za/co/mawa/bes/service/v2/LegalCaseService.java:[66,20] cannot find symbol
  symbol:   method getBillingType()
  location: variable request of type za.co.mawa.bes.dto.v2.LegalCaseUpdateRequest
[ERROR] /C:/Users/TebogoMohale/IdeaProjects/mawa-bes/src/main/java/za/co/mawa/bes/service/v2/LegalCaseService.java:[66,76] cannot find symbol
  symbol:   method getBillingType()
  location: variable request of type za.co.mawa.bes.dto.v2.LegalCaseUpdateRequest
[ERROR] /C:/Users/TebogoMohale/IdeaProjects/mawa-bes/src/main/java/za/co/mawa/bes/service/v2/LegalCaseService.java:[67,42] cannot find symbol
  symbol:   method getHourlyRateCents()
  location: variable request of type za.co.mawa.bes.dto.v2.LegalCaseUpdateRequest
[ERROR] /C:/Users/TebogoMohale/IdeaProjects/mawa-bes/src/main/java/za/co/mawa/bes/service/v2/LegalCaseService.java:[68,40] cannot find symbol
  symbol:   method getFixedFeeCents()
  location: variable request of type za.co.mawa.bes.dto.v2.LegalCaseUpdateRequest
[ERROR] /C:/Users/TebogoMohale/IdeaProjects/mawa-bes/src/main/java/za/co/mawa/bes/service/v2/LegalCaseService.java:[69,20] cannot find symbol
  symbol:   method getBillable()
  location: variable request of type za.co.mawa.bes.dto.v2.LegalCaseUpdateRequest
[ERROR] /C:/Users/TebogoMohale/IdeaProjects/mawa-bes/src/main/java/za/co/mawa/bes/service/v2/LegalCaseService.java:[69,70] cannot find symbol
  symbol:   method getBillable()
  location: variable request of type za.co.mawa.bes.dto.v2.LegalCaseUpdateRequest
[ERROR] /C:/Users/TebogoMohale/IdeaProjects/mawa-bes/src/main/java/za/co/mawa/bes/service/v2/LegalCaseService.java:[70,15] cannot find symbol
  symbol:   method setUpdatedAt(java.time.LocalDateTime)
  location: variable entity of type za.co.mawa.bes.entity.v2.LegalCaseEntity
[ERROR] /C:/Users/TebogoMohale/IdeaProjects/mawa-bes/src/main/java/za/co/mawa/bes/service/v2/LegalCaseService.java:[71,15] cannot find symbol
  symbol:   method setUpdatedBy(java.lang.String)
  location: variable entity of type za.co.mawa.bes.entity.v2.LegalCaseEntity
[ERROR] /C:/Users/TebogoMohale/IdeaProjects/mawa-bes/src/main/java/za/co/mawa/bes/service/v2/LegalCaseService.java:[78,15] cannot find symbol
  symbol:   method setStatus(za.co.mawa.bes.enums.LegalCaseStatus)
  location: variable entity of type za.co.mawa.bes.entity.v2.LegalCaseEntity
[ERROR] /C:/Users/TebogoMohale/IdeaProjects/mawa-bes/src/main/java/za/co/mawa/bes/service/v2/LegalCaseService.java:[79,15] cannot find symbol
  symbol:   method setClosedDate(java.time.LocalDate)
  location: variable entity of type za.co.mawa.bes.entity.v2.LegalCaseEntity
[ERROR] /C:/Users/TebogoMohale/IdeaProjects/mawa-bes/src/main/java/za/co/mawa/bes/service/v2/LegalCaseService.java:[80,15] cannot find symbol
  symbol:   method setUpdatedAt(java.time.LocalDateTime)
  location: variable entity of type za.co.mawa.bes.entity.v2.LegalCaseEntity
[ERROR] /C:/Users/TebogoMohale/IdeaProjects/mawa-bes/src/main/java/za/co/mawa/bes/service/v2/LegalCaseService.java:[81,15] cannot find symbol
  symbol:   method setUpdatedBy(java.lang.String)
  location: variable entity of type za.co.mawa.bes.entity.v2.LegalCaseEntity
[ERROR] /C:/Users/TebogoMohale/IdeaProjects/mawa-bes/src/main/java/za/co/mawa/bes/service/BookingService.java:[38,54] no suitable constructor found for TransactionCreateDto(no arguments)
    constructor za.co.mawa.bes.dto.transaction.TransactionCreateDto.TransactionCreateDto(za.co.mawa.bes.dto.quotation.QuotationCreateDto) is not applicable
      (actual and formal argument lists differ in length)
    constructor za.co.mawa.bes.dto.transaction.TransactionCreateDto.TransactionCreateDto(za.co.mawa.bes.dto.service.request.ServiceRequestCreateDto) is not applicable
      (actual and formal argument lists differ in length)
    constructor za.co.mawa.bes.dto.transaction.TransactionCreateDto.TransactionCreateDto(za.co.mawa.bes.dto.sales.order.SalesOrderCreateDto) is not applicable
      (actual and formal argument lists differ in length)
    constructor za.co.mawa.bes.dto.transaction.TransactionCreateDto.TransactionCreateDto(za.co.mawa.bes.dto.purchase.order.PurchaseOrderCreateDto) is not applicable
      (actual and formal argument lists differ in length)
    constructor za.co.mawa.bes.dto.transaction.TransactionCreateDto.TransactionCreateDto(za.co.mawa.bes.dto.invoice.InvoiceCreateDto) is not applicable
      (actual and formal argument lists differ in length)
    constructor za.co.mawa.bes.dto.transaction.TransactionCreateDto.TransactionCreateDto(za.co.mawa.bes.dto.claim.ClaimCreateDto) is not applicable
      (actual and formal argument lists differ in length)
    constructor za.co.mawa.bes.dto.transaction.TransactionCreateDto.TransactionCreateDto(za.co.mawa.bes.dto.inquiry.InquiryCreateDto) is not applicable
      (actual and formal argument lists differ in length)
[ERROR] /C:/Users/TebogoMohale/IdeaProjects/mawa-bes/src/main/java/za/co/mawa/bes/service/BookingService.java:[39,30] cannot find symbol
  symbol:   method setType(java.lang.String)
  location: variable transactionCreate of type za.co.mawa.bes.dto.transaction.TransactionCreateDto
[ERROR] /C:/Users/TebogoMohale/IdeaProjects/mawa-bes/src/main/java/za/co/mawa/bes/service/BookingService.java:[40,30] cannot find symbol
  symbol:   method setStatus(java.lang.String)
  location: variable transactionCreate of type za.co.mawa.bes.dto.transaction.TransactionCreateDto
[ERROR] /C:/Users/TebogoMohale/IdeaProjects/mawa-bes/src/main/java/za/co/mawa/bes/service/BookingService.java:[42,30] cannot find symbol
  symbol:   method getId()
  location: variable transactionDto of type za.co.mawa.bes.dto.transaction.TransactionDto
[ERROR] /C:/Users/TebogoMohale/IdeaProjects/mawa-bes/src/main/java/za/co/mawa/bes/service/BookingService.java:[43,44] cannot find symbol
  symbol:   method getBookTime()
  location: variable createDto of type za.co.mawa.bes.dto.booking.BookingCreateDto
[ERROR] /C:/Users/TebogoMohale/IdeaProjects/mawa-bes/src/main/java/za/co/mawa/bes/service/BookingService.java:[43,82] cannot find symbol
  symbol:   method getBookTime()
  location: variable createDto of type za.co.mawa.bes.dto.booking.BookingCreateDto
[ERROR] /C:/Users/TebogoMohale/IdeaProjects/mawa-bes/src/main/java/za/co/mawa/bes/service/BookingService.java:[44,44] cannot find symbol
  symbol:   method getBookDate()
  location: variable createDto of type za.co.mawa.bes.dto.booking.BookingCreateDto
[ERROR] /C:/Users/TebogoMohale/IdeaProjects/mawa-bes/src/main/java/za/co/mawa/bes/service/BookingService.java:[44,80] cannot find symbol
  symbol:   method getBookDate()
  location: variable createDto of type za.co.mawa.bes.dto.booking.BookingCreateDto
[ERROR] /C:/Users/TebogoMohale/IdeaProjects/mawa-bes/src/main/java/za/co/mawa/bes/service/BookingService.java:[54,48] constructor TransactionDateDto in class za.co.mawa.bes.dto.transaction.TransactionDateDto cannot be applied to given types;
  required: za.co.mawa.bes.entity.transaction.TransactionDateEntity
  found:    no arguments
  reason: actual and formal argument lists differ in length
[ERROR] /C:/Users/TebogoMohale/IdeaProjects/mawa-bes/src/main/java/za/co/mawa/bes/service/BookingService.java:[55,26] cannot find symbol
  symbol:   method setType(java.lang.String)
  location: variable dates of type za.co.mawa.bes.dto.transaction.TransactionDateDto
[ERROR] /C:/Users/TebogoMohale/IdeaProjects/mawa-bes/src/main/java/za/co/mawa/bes/service/BookingService.java:[56,56] cannot find symbol
  symbol:   method getId()
  location: variable transactionDto of type za.co.mawa.bes.dto.transaction.TransactionDto
[ERROR] /C:/Users/TebogoMohale/IdeaProjects/mawa-bes/src/main/java/za/co/mawa/bes/service/BookingService.java:[57,26] cannot find symbol
  symbol:   method setValue(java.util.Date)
  location: variable dates of type za.co.mawa.bes.dto.transaction.TransactionDateDto
[ERROR] /C:/Users/TebogoMohale/IdeaProjects/mawa-bes/src/main/java/za/co/mawa/bes/service/BookingService.java:[61,44] constructor TransactionDateDto in class za.co.mawa.bes.dto.transaction.TransactionDateDto cannot be applied to given types;
  required: za.co.mawa.bes.entity.transaction.TransactionDateEntity
  found:    no arguments
  reason: actual and formal argument lists differ in length
[ERROR] /C:/Users/TebogoMohale/IdeaProjects/mawa-bes/src/main/java/za/co/mawa/bes/service/BookingService.java:[62,22] cannot find symbol
  symbol:   method setType(java.lang.String)
  location: variable dates of type za.co.mawa.bes.dto.transaction.TransactionDateDto
[ERROR] /C:/Users/TebogoMohale/IdeaProjects/mawa-bes/src/main/java/za/co/mawa/bes/service/BookingService.java:[63,52] cannot find symbol
  symbol:   method getId()
  location: variable transactionDto of type za.co.mawa.bes.dto.transaction.TransactionDto
[ERROR] /C:/Users/TebogoMohale/IdeaProjects/mawa-bes/src/main/java/za/co/mawa/bes/service/BookingService.java:[64,22] cannot find symbol
  symbol:   method setValue(java.util.Date)
  location: variable dates of type za.co.mawa.bes.dto.transaction.TransactionDateDto
[ERROR] /C:/Users/TebogoMohale/IdeaProjects/mawa-bes/src/main/java/za/co/mawa/bes/service/BookingService.java:[67,29] cannot find symbol
  symbol:   method getCustomerId()
  location: variable createDto of type za.co.mawa.bes.dto.booking.BookingCreateDto
[ERROR] /C:/Users/TebogoMohale/IdeaProjects/mawa-bes/src/main/java/za/co/mawa/bes/service/BookingService.java:[68,54] constructor TransactionPartnerDto in class za.co.mawa.bes.dto.transaction.partner.TransactionPartnerDto cannot be applied to given types;
  required: za.co.mawa.bes.entity.transaction.TransactionPartnerEntity
  found:    no arguments
  reason: actual and formal argument lists differ in length
[ERROR] /C:/Users/TebogoMohale/IdeaProjects/mawa-bes/src/main/java/za/co/mawa/bes/service/BookingService.java:[69,59] cannot find symbol
  symbol:   method getId()
  location: variable transactionDto of type za.co.mawa.bes.dto.transaction.TransactionDto
[ERROR] /C:/Users/TebogoMohale/IdeaProjects/mawa-bes/src/main/java/za/co/mawa/bes/service/BookingService.java:[70,50] cannot find symbol
  symbol:   method getCustomerId()
  location: variable createDto of type za.co.mawa.bes.dto.booking.BookingCreateDto
[ERROR] /C:/Users/TebogoMohale/IdeaProjects/mawa-bes/src/main/java/za/co/mawa/bes/service/BookingService.java:[71,29] cannot find symbol
  symbol:   method setFunction(java.lang.String)
  location: variable customer of type za.co.mawa.bes.dto.transaction.partner.TransactionPartnerDto
[ERROR] /C:/Users/TebogoMohale/IdeaProjects/mawa-bes/src/main/java/za/co/mawa/bes/service/BookingService.java:[74,29] cannot find symbol
  symbol:   method getEmployeeId()
  location: variable createDto of type za.co.mawa.bes.dto.booking.BookingCreateDto
[ERROR] /C:/Users/TebogoMohale/IdeaProjects/mawa-bes/src/main/java/za/co/mawa/bes/service/BookingService.java:[75,54] constructor TransactionPartnerDto in class za.co.mawa.bes.dto.transaction.partner.TransactionPartnerDto cannot be applied to given types;
  required: za.co.mawa.bes.entity.transaction.TransactionPartnerEntity
  found:    no arguments
  reason: actual and formal argument lists differ in length
[ERROR] /C:/Users/TebogoMohale/IdeaProjects/mawa-bes/src/main/java/za/co/mawa/bes/service/BookingService.java:[76,29] cannot find symbol
  symbol:   method setFunction(java.lang.String)
  location: variable employee of type za.co.mawa.bes.dto.transaction.partner.TransactionPartnerDto
[ERROR] /C:/Users/TebogoMohale/IdeaProjects/mawa-bes/src/main/java/za/co/mawa/bes/service/BookingService.java:[77,50] cannot find symbol
  symbol:   method getEmployeeId()
  location: variable createDto of type za.co.mawa.bes.dto.booking.BookingCreateDto
[ERROR] /C:/Users/TebogoMohale/IdeaProjects/mawa-bes/src/main/java/za/co/mawa/bes/service/BookingService.java:[78,59] cannot find symbol
  symbol:   method getId()
  location: variable transactionDto of type za.co.mawa.bes.dto.transaction.TransactionDto
[ERROR] /C:/Users/TebogoMohale/IdeaProjects/mawa-bes/src/main/java/za/co/mawa/bes/service/BookingService.java:[81,29] cannot find symbol
  symbol:   method getProductId()
  location: variable createDto of type za.co.mawa.bes.dto.booking.BookingCreateDto
[ERROR] /C:/Users/TebogoMohale/IdeaProjects/mawa-bes/src/main/java/za/co/mawa/bes/service/BookingService.java:[82,73] cannot find symbol
  symbol:   method getProductId()
  location: variable createDto of type za.co.mawa.bes.dto.booking.BookingCreateDto
[ERROR] /C:/Users/TebogoMohale/IdeaProjects/mawa-bes/src/main/java/za/co/mawa/bes/service/BookingService.java:[83,61] constructor TransactionItemDto in class za.co.mawa.bes.dto.transaction.item.TransactionItemDto cannot be applied to given types;
  required: za.co.mawa.bes.entity.transaction.TransactionItemEntity
  found:    no arguments
  reason: actual and formal argument lists differ in length
[ERROR] /C:/Users/TebogoMohale/IdeaProjects/mawa-bes/src/main/java/za/co/mawa/bes/service/BookingService.java:[84,61] cannot find symbol
  symbol:   method getId()
  location: variable productDto of type za.co.mawa.bes.dto.product.ProductDto
[ERROR] /C:/Users/TebogoMohale/IdeaProjects/mawa-bes/src/main/java/za/co/mawa/bes/service/BookingService.java:[85,69] cannot find symbol
  symbol:   method getId()
  location: variable transactionDto of type za.co.mawa.bes.dto.transaction.TransactionDto
[ERROR] /C:/Users/TebogoMohale/IdeaProjects/mawa-bes/src/main/java/za/co/mawa/bes/service/BookingService.java:[86,39] cannot find symbol
  symbol:   method setQuantity(java.math.BigDecimal)
  location: variable transactionItemDto of type za.co.mawa.bes.dto.transaction.item.TransactionItemDto
[ERROR] /C:/Users/TebogoMohale/IdeaProjects/mawa-bes/src/main/java/za/co/mawa/bes/service/BookingService.java:[87,71] cannot find symbol
  symbol:   method getBaseUnitOfMeasure()
  location: variable productDto of type za.co.mawa.bes.dto.product.ProductDto
[ERROR] /C:/Users/TebogoMohale/IdeaProjects/mawa-bes/src/main/java/za/co/mawa/bes/service/BookingService.java:[91,38] cannot find symbol
  symbol:   method getId()
  location: variable transactionDto of type za.co.mawa.bes.dto.transaction.TransactionDto
[ERROR] /C:/Users/TebogoMohale/IdeaProjects/mawa-bes/src/main/java/za/co/mawa/bes/service/BookingService.java:[107,26] cannot find symbol
  symbol:   method getType()
  location: variable transactionDto of type za.co.mawa.bes.dto.transaction.TransactionDto
[ERROR] /C:/Users/TebogoMohale/IdeaProjects/mawa-bes/src/main/java/za/co/mawa/bes/service/BookingService.java:[108,43] cannot find symbol
  symbol:   method getId()
  location: variable transactionDto of type za.co.mawa.bes.dto.transaction.TransactionDto
[INFO] 100 errors 
[INFO] -------------------------------------------------------------
[INFO] ------------------------------------------------------------------------
[INFO] BUILD FAILURE
[INFO] ------------------------------------------------------------------------
[INFO] Total time:  13.513 s
[INFO] Finished at: 2026-06-17T15:40:33+02:00
[INFO] ------------------------------------------------------------------------
[ERROR] Failed to execute goal org.apache.maven.plugins:maven-compiler-plugin:3.11.0:compile (default-compile) on project mawa-bes: Compilation failure: Compilation failure: 
[ERROR] /C:/Users/TebogoMohale/IdeaProjects/mawa-bes/src/main/java/za/co/mawa/bes/controller/v2/CasePartyControllerV2.java:[18,36] variable casePartyService not initialized in the default constructor
[ERROR] /C:/Users/TebogoMohale/IdeaProjects/mawa-bes/src/main/java/za/co/mawa/bes/service/v2/CasePartyService.java:[26,15] cannot find symbol
[ERROR]   symbol:   method setCaseId(java.lang.String)
[ERROR]   location: variable entity of type za.co.mawa.bes.entity.v2.CasePartyEntity
[ERROR] /C:/Users/TebogoMohale/IdeaProjects/mawa-bes/src/main/java/za/co/mawa/bes/service/v2/CasePartyService.java:[27,36] cannot find symbol
[ERROR]   symbol:   method getPartnerId()
[ERROR]   location: variable request of type za.co.mawa.bes.dto.v2.CasePartyCreateRequest
[ERROR] /C:/Users/TebogoMohale/IdeaProjects/mawa-bes/src/main/java/za/co/mawa/bes/service/v2/CasePartyService.java:[28,36] cannot find symbol
[ERROR]   symbol:   method getPartyName()
[ERROR]   location: variable request of type za.co.mawa.bes.dto.v2.CasePartyCreateRequest
[ERROR] /C:/Users/TebogoMohale/IdeaProjects/mawa-bes/src/main/java/za/co/mawa/bes/service/v2/CasePartyService.java:[29,36] cannot find symbol
[ERROR]   symbol:   method getPartyType()
[ERROR]   location: variable request of type za.co.mawa.bes.dto.v2.CasePartyCreateRequest
[ERROR] /C:/Users/TebogoMohale/IdeaProjects/mawa-bes/src/main/java/za/co/mawa/bes/service/v2/CasePartyService.java:[30,35] cannot find symbol
[ERROR]   symbol:   method getIdNumber()
[ERROR]   location: variable request of type za.co.mawa.bes.dto.v2.CasePartyCreateRequest
[ERROR] /C:/Users/TebogoMohale/IdeaProjects/mawa-bes/src/main/java/za/co/mawa/bes/service/v2/CasePartyService.java:[31,32] cannot find symbol
[ERROR]   symbol:   method getEmail()
[ERROR]   location: variable request of type za.co.mawa.bes.dto.v2.CasePartyCreateRequest
[ERROR] /C:/Users/TebogoMohale/IdeaProjects/mawa-bes/src/main/java/za/co/mawa/bes/service/v2/CasePartyService.java:[32,38] cannot find symbol
[ERROR]   symbol:   method getPhoneNumber()
[ERROR]   location: variable request of type za.co.mawa.bes.dto.v2.CasePartyCreateRequest
[ERROR] /C:/Users/TebogoMohale/IdeaProjects/mawa-bes/src/main/java/za/co/mawa/bes/service/v2/CasePartyService.java:[33,39] cannot find symbol
[ERROR]   symbol:   method getAttorneyFirm()
[ERROR]   location: variable request of type za.co.mawa.bes.dto.v2.CasePartyCreateRequest
[ERROR] /C:/Users/TebogoMohale/IdeaProjects/mawa-bes/src/main/java/za/co/mawa/bes/service/v2/CasePartyService.java:[34,39] cannot find symbol
[ERROR]   symbol:   method getAttorneyName()
[ERROR]   location: variable request of type za.co.mawa.bes.dto.v2.CasePartyCreateRequest
[ERROR] /C:/Users/TebogoMohale/IdeaProjects/mawa-bes/src/main/java/za/co/mawa/bes/service/v2/CasePartyService.java:[35,32] cannot find symbol
[ERROR]   symbol:   method getNotes()
[ERROR]   location: variable request of type za.co.mawa.bes.dto.v2.CasePartyCreateRequest
[ERROR] /C:/Users/TebogoMohale/IdeaProjects/mawa-bes/src/main/java/za/co/mawa/bes/service/v2/CasePartyService.java:[36,15] cannot find symbol
[ERROR]   symbol:   method setCreatedAt(java.time.LocalDateTime)
[ERROR]   location: variable entity of type za.co.mawa.bes.entity.v2.CasePartyEntity
[ERROR] /C:/Users/TebogoMohale/IdeaProjects/mawa-bes/src/main/java/za/co/mawa/bes/service/v2/CasePartyService.java:[37,15] cannot find symbol
[ERROR]   symbol:   method setCreatedBy(java.lang.String)
[ERROR]   location: variable entity of type za.co.mawa.bes.entity.v2.CasePartyEntity
[ERROR] /C:/Users/TebogoMohale/IdeaProjects/mawa-bes/src/main/java/za/co/mawa/bes/service/v2/LegalCaseService.java:[23,15] cannot find symbol
[ERROR]   symbol:   method setCaseNo(java.lang.String)
[ERROR]   location: variable entity of type za.co.mawa.bes.entity.v2.LegalCaseEntity
[ERROR] /C:/Users/TebogoMohale/IdeaProjects/mawa-bes/src/main/java/za/co/mawa/bes/service/v2/LegalCaseService.java:[24,32] cannot find symbol
[ERROR]   symbol:   method getTitle()
[ERROR]   location: variable request of type za.co.mawa.bes.dto.v2.LegalCaseCreateRequest
[ERROR] /C:/Users/TebogoMohale/IdeaProjects/mawa-bes/src/main/java/za/co/mawa/bes/service/v2/LegalCaseService.java:[25,42] cannot find symbol
[ERROR]   symbol:   method getClientPartnerId()
[ERROR]   location: variable request of type za.co.mawa.bes.dto.v2.LegalCaseCreateRequest
[ERROR] /C:/Users/TebogoMohale/IdeaProjects/mawa-bes/src/main/java/za/co/mawa/bes/service/v2/LegalCaseService.java:[26,35] cannot find symbol
[ERROR]   symbol:   method getCaseType()
[ERROR]   location: variable request of type za.co.mawa.bes.dto.v2.LegalCaseCreateRequest
[ERROR] /C:/Users/TebogoMohale/IdeaProjects/mawa-bes/src/main/java/za/co/mawa/bes/service/v2/LegalCaseService.java:[27,39] cannot find symbol
[ERROR]   symbol:   method getCaseCategory()
[ERROR]   location: variable request of type za.co.mawa.bes.dto.v2.LegalCaseCreateRequest
[ERROR] /C:/Users/TebogoMohale/IdeaProjects/mawa-bes/src/main/java/za/co/mawa/bes/service/v2/LegalCaseService.java:[28,38] cannot find symbol
[ERROR]   symbol:   method getDescription()
[ERROR]   location: variable request of type za.co.mawa.bes.dto.v2.LegalCaseCreateRequest
[ERROR] /C:/Users/TebogoMohale/IdeaProjects/mawa-bes/src/main/java/za/co/mawa/bes/service/v2/LegalCaseService.java:[29,20] cannot find symbol
[ERROR]   symbol:   method getPriority()
[ERROR]   location: variable request of type za.co.mawa.bes.dto.v2.LegalCaseCreateRequest
[ERROR] /C:/Users/TebogoMohale/IdeaProjects/mawa-bes/src/main/java/za/co/mawa/bes/service/v2/LegalCaseService.java:[29,70] cannot find symbol
[ERROR]   symbol:   method getPriority()
[ERROR]   location: variable request of type za.co.mawa.bes.dto.v2.LegalCaseCreateRequest
[ERROR] /C:/Users/TebogoMohale/IdeaProjects/mawa-bes/src/main/java/za/co/mawa/bes/service/v2/LegalCaseService.java:[30,37] cannot find symbol
[ERROR]   symbol:   method getAssignedTo()
[ERROR]   location: variable request of type za.co.mawa.bes.dto.v2.LegalCaseCreateRequest
[ERROR] /C:/Users/TebogoMohale/IdeaProjects/mawa-bes/src/main/java/za/co/mawa/bes/service/v2/LegalCaseService.java:[31,15] cannot find symbol
[ERROR]   symbol:   method setOpenedDate(request.ge[...]now())
[ERROR]   location: variable entity of type za.co.mawa.bes.entity.v2.LegalCaseEntity
[ERROR] /C:/Users/TebogoMohale/IdeaProjects/mawa-bes/src/main/java/za/co/mawa/bes/service/v2/LegalCaseService.java:[31,37] cannot find symbol
[ERROR]   symbol:   method getOpenedDate()
[ERROR]   location: variable request of type za.co.mawa.bes.dto.v2.LegalCaseCreateRequest
[ERROR] /C:/Users/TebogoMohale/IdeaProjects/mawa-bes/src/main/java/za/co/mawa/bes/service/v2/LegalCaseService.java:[31,71] cannot find symbol
[ERROR]   symbol:   method getOpenedDate()
[ERROR]   location: variable request of type za.co.mawa.bes.dto.v2.LegalCaseCreateRequest
[ERROR] /C:/Users/TebogoMohale/IdeaProjects/mawa-bes/src/main/java/za/co/mawa/bes/service/v2/LegalCaseService.java:[32,36] cannot find symbol
[ERROR]   symbol:   method getCourtName()
[ERROR]   location: variable request of type za.co.mawa.bes.dto.v2.LegalCaseCreateRequest
[ERROR] /C:/Users/TebogoMohale/IdeaProjects/mawa-bes/src/main/java/za/co/mawa/bes/service/v2/LegalCaseService.java:[33,38] cannot find symbol
[ERROR]   symbol:   method getCourtCaseNo()
[ERROR]   location: variable request of type za.co.mawa.bes.dto.v2.LegalCaseCreateRequest
[ERROR] /C:/Users/TebogoMohale/IdeaProjects/mawa-bes/src/main/java/za/co/mawa/bes/service/v2/LegalCaseService.java:[34,36] cannot find symbol
[ERROR]   symbol:   method getForumType()
[ERROR]   location: variable request of type za.co.mawa.bes.dto.v2.LegalCaseCreateRequest
[ERROR] /C:/Users/TebogoMohale/IdeaProjects/mawa-bes/src/main/java/za/co/mawa/bes/service/v2/LegalCaseService.java:[35,20] cannot find symbol
[ERROR]   symbol:   method getBillingType()
[ERROR]   location: variable request of type za.co.mawa.bes.dto.v2.LegalCaseCreateRequest
[ERROR] /C:/Users/TebogoMohale/IdeaProjects/mawa-bes/src/main/java/za/co/mawa/bes/service/v2/LegalCaseService.java:[35,76] cannot find symbol
[ERROR]   symbol:   method getBillingType()
[ERROR]   location: variable request of type za.co.mawa.bes.dto.v2.LegalCaseCreateRequest
[ERROR] /C:/Users/TebogoMohale/IdeaProjects/mawa-bes/src/main/java/za/co/mawa/bes/service/v2/LegalCaseService.java:[36,42] cannot find symbol
[ERROR]   symbol:   method getHourlyRateCents()
[ERROR]   location: variable request of type za.co.mawa.bes.dto.v2.LegalCaseCreateRequest
[ERROR] /C:/Users/TebogoMohale/IdeaProjects/mawa-bes/src/main/java/za/co/mawa/bes/service/v2/LegalCaseService.java:[37,40] cannot find symbol
[ERROR]   symbol:   method getFixedFeeCents()
[ERROR]   location: variable request of type za.co.mawa.bes.dto.v2.LegalCaseCreateRequest
[ERROR] /C:/Users/TebogoMohale/IdeaProjects/mawa-bes/src/main/java/za/co/mawa/bes/service/v2/LegalCaseService.java:[38,20] cannot find symbol
[ERROR]   symbol:   method getBillable()
[ERROR]   location: variable request of type za.co.mawa.bes.dto.v2.LegalCaseCreateRequest
[ERROR] /C:/Users/TebogoMohale/IdeaProjects/mawa-bes/src/main/java/za/co/mawa/bes/service/v2/LegalCaseService.java:[38,70] cannot find symbol
[ERROR]   symbol:   method getBillable()
[ERROR]   location: variable request of type za.co.mawa.bes.dto.v2.LegalCaseCreateRequest
[ERROR] /C:/Users/TebogoMohale/IdeaProjects/mawa-bes/src/main/java/za/co/mawa/bes/service/v2/LegalCaseService.java:[39,15] cannot find symbol
[ERROR]   symbol:   method setStatus(za.co.mawa.bes.enums.LegalCaseStatus)
[ERROR]   location: variable entity of type za.co.mawa.bes.entity.v2.LegalCaseEntity
[ERROR] /C:/Users/TebogoMohale/IdeaProjects/mawa-bes/src/main/java/za/co/mawa/bes/service/v2/LegalCaseService.java:[40,15] cannot find symbol
[ERROR]   symbol:   method setCreatedAt(java.time.LocalDateTime)
[ERROR]   location: variable entity of type za.co.mawa.bes.entity.v2.LegalCaseEntity
[ERROR] /C:/Users/TebogoMohale/IdeaProjects/mawa-bes/src/main/java/za/co/mawa/bes/service/v2/LegalCaseService.java:[41,15] cannot find symbol
[ERROR]   symbol:   method setCreatedBy(java.lang.String)
[ERROR]   location: variable entity of type za.co.mawa.bes.entity.v2.LegalCaseEntity
[ERROR] /C:/Users/TebogoMohale/IdeaProjects/mawa-bes/src/main/java/za/co/mawa/bes/service/v2/LegalCaseService.java:[53,20] cannot find symbol
[ERROR]   symbol:   method getTitle()
[ERROR]   location: variable request of type za.co.mawa.bes.dto.v2.LegalCaseUpdateRequest
[ERROR] /C:/Users/TebogoMohale/IdeaProjects/mawa-bes/src/main/java/za/co/mawa/bes/service/v2/LegalCaseService.java:[53,64] cannot find symbol
[ERROR]   symbol:   method getTitle()
[ERROR]   location: variable request of type za.co.mawa.bes.dto.v2.LegalCaseUpdateRequest
[ERROR] /C:/Users/TebogoMohale/IdeaProjects/mawa-bes/src/main/java/za/co/mawa/bes/service/v2/LegalCaseService.java:[54,39] cannot find symbol
[ERROR]   symbol:   method getCaseCategory()
[ERROR]   location: variable request of type za.co.mawa.bes.dto.v2.LegalCaseUpdateRequest
[ERROR] /C:/Users/TebogoMohale/IdeaProjects/mawa-bes/src/main/java/za/co/mawa/bes/service/v2/LegalCaseService.java:[55,38] cannot find symbol
[ERROR]   symbol:   method getDescription()
[ERROR]   location: variable request of type za.co.mawa.bes.dto.v2.LegalCaseUpdateRequest
[ERROR] /C:/Users/TebogoMohale/IdeaProjects/mawa-bes/src/main/java/za/co/mawa/bes/service/v2/LegalCaseService.java:[56,20] cannot find symbol
[ERROR]   symbol:   method getStatus()
[ERROR]   location: variable request of type za.co.mawa.bes.dto.v2.LegalCaseUpdateRequest
[ERROR] /C:/Users/TebogoMohale/IdeaProjects/mawa-bes/src/main/java/za/co/mawa/bes/service/v2/LegalCaseService.java:[57,37] cannot find symbol
[ERROR]   symbol:   method getStatus()
[ERROR]   location: variable request of type za.co.mawa.bes.dto.v2.LegalCaseUpdateRequest
[ERROR] /C:/Users/TebogoMohale/IdeaProjects/mawa-bes/src/main/java/za/co/mawa/bes/service/v2/LegalCaseService.java:[58,24] cannot find symbol
[ERROR]   symbol:   method getStatus()
[ERROR]   location: variable request of type za.co.mawa.bes.dto.v2.LegalCaseUpdateRequest
[ERROR] /C:/Users/TebogoMohale/IdeaProjects/mawa-bes/src/main/java/za/co/mawa/bes/service/v2/LegalCaseService.java:[58,70] cannot find symbol
[ERROR]   symbol:   method setClosedDate(java.time.LocalDate)
[ERROR]   location: variable entity of type za.co.mawa.bes.entity.v2.LegalCaseEntity
[ERROR] /C:/Users/TebogoMohale/IdeaProjects/mawa-bes/src/main/java/za/co/mawa/bes/service/v2/LegalCaseService.java:[60,20] cannot find symbol
[ERROR]   symbol:   method getPriority()
[ERROR]   location: variable request of type za.co.mawa.bes.dto.v2.LegalCaseUpdateRequest
[ERROR] /C:/Users/TebogoMohale/IdeaProjects/mawa-bes/src/main/java/za/co/mawa/bes/service/v2/LegalCaseService.java:[60,70] cannot find symbol
[ERROR]   symbol:   method getPriority()
[ERROR]   location: variable request of type za.co.mawa.bes.dto.v2.LegalCaseUpdateRequest
[ERROR] /C:/Users/TebogoMohale/IdeaProjects/mawa-bes/src/main/java/za/co/mawa/bes/service/v2/LegalCaseService.java:[61,37] cannot find symbol
[ERROR]   symbol:   method getAssignedTo()
[ERROR]   location: variable request of type za.co.mawa.bes.dto.v2.LegalCaseUpdateRequest
[ERROR] /C:/Users/TebogoMohale/IdeaProjects/mawa-bes/src/main/java/za/co/mawa/bes/service/v2/LegalCaseService.java:[62,36] cannot find symbol
[ERROR]   symbol:   method getCourtName()
[ERROR]   location: variable request of type za.co.mawa.bes.dto.v2.LegalCaseUpdateRequest
[ERROR] /C:/Users/TebogoMohale/IdeaProjects/mawa-bes/src/main/java/za/co/mawa/bes/service/v2/LegalCaseService.java:[63,38] cannot find symbol
[ERROR]   symbol:   method getCourtCaseNo()
[ERROR]   location: variable request of type za.co.mawa.bes.dto.v2.LegalCaseUpdateRequest
[ERROR] /C:/Users/TebogoMohale/IdeaProjects/mawa-bes/src/main/java/za/co/mawa/bes/service/v2/LegalCaseService.java:[64,36] cannot find symbol
[ERROR]   symbol:   method getForumType()
[ERROR]   location: variable request of type za.co.mawa.bes.dto.v2.LegalCaseUpdateRequest
[ERROR] /C:/Users/TebogoMohale/IdeaProjects/mawa-bes/src/main/java/za/co/mawa/bes/service/v2/LegalCaseService.java:[65,45] cannot find symbol
[ERROR]   symbol:   method getNextAppearanceDate()
[ERROR]   location: variable request of type za.co.mawa.bes.dto.v2.LegalCaseUpdateRequest
[ERROR] /C:/Users/TebogoMohale/IdeaProjects/mawa-bes/src/main/java/za/co/mawa/bes/service/v2/LegalCaseService.java:[66,20] cannot find symbol
[ERROR]   symbol:   method getBillingType()
[ERROR]   location: variable request of type za.co.mawa.bes.dto.v2.LegalCaseUpdateRequest
[ERROR] /C:/Users/TebogoMohale/IdeaProjects/mawa-bes/src/main/java/za/co/mawa/bes/service/v2/LegalCaseService.java:[66,76] cannot find symbol
[ERROR]   symbol:   method getBillingType()
[ERROR]   location: variable request of type za.co.mawa.bes.dto.v2.LegalCaseUpdateRequest
[ERROR] /C:/Users/TebogoMohale/IdeaProjects/mawa-bes/src/main/java/za/co/mawa/bes/service/v2/LegalCaseService.java:[67,42] cannot find symbol
[ERROR]   symbol:   method getHourlyRateCents()
[ERROR]   location: variable request of type za.co.mawa.bes.dto.v2.LegalCaseUpdateRequest
[ERROR] /C:/Users/TebogoMohale/IdeaProjects/mawa-bes/src/main/java/za/co/mawa/bes/service/v2/LegalCaseService.java:[68,40] cannot find symbol
[ERROR]   symbol:   method getFixedFeeCents()
[ERROR]   location: variable request of type za.co.mawa.bes.dto.v2.LegalCaseUpdateRequest
[ERROR] /C:/Users/TebogoMohale/IdeaProjects/mawa-bes/src/main/java/za/co/mawa/bes/service/v2/LegalCaseService.java:[69,20] cannot find symbol
[ERROR]   symbol:   method getBillable()
[ERROR]   location: variable request of type za.co.mawa.bes.dto.v2.LegalCaseUpdateRequest
[ERROR] /C:/Users/TebogoMohale/IdeaProjects/mawa-bes/src/main/java/za/co/mawa/bes/service/v2/LegalCaseService.java:[69,70] cannot find symbol
[ERROR]   symbol:   method getBillable()
[ERROR]   location: variable request of type za.co.mawa.bes.dto.v2.LegalCaseUpdateRequest
[ERROR] /C:/Users/TebogoMohale/IdeaProjects/mawa-bes/src/main/java/za/co/mawa/bes/service/v2/LegalCaseService.java:[70,15] cannot find symbol
[ERROR]   symbol:   method setUpdatedAt(java.time.LocalDateTime)
[ERROR]   location: variable entity of type za.co.mawa.bes.entity.v2.LegalCaseEntity
[ERROR] /C:/Users/TebogoMohale/IdeaProjects/mawa-bes/src/main/java/za/co/mawa/bes/service/v2/LegalCaseService.java:[71,15] cannot find symbol
[ERROR]   symbol:   method setUpdatedBy(java.lang.String)
[ERROR]   location: variable entity of type za.co.mawa.bes.entity.v2.LegalCaseEntity
[ERROR] /C:/Users/TebogoMohale/IdeaProjects/mawa-bes/src/main/java/za/co/mawa/bes/service/v2/LegalCaseService.java:[78,15] cannot find symbol
[ERROR]   symbol:   method setStatus(za.co.mawa.bes.enums.LegalCaseStatus)
[ERROR]   location: variable entity of type za.co.mawa.bes.entity.v2.LegalCaseEntity
[ERROR] /C:/Users/TebogoMohale/IdeaProjects/mawa-bes/src/main/java/za/co/mawa/bes/service/v2/LegalCaseService.java:[79,15] cannot find symbol
[ERROR]   symbol:   method setClosedDate(java.time.LocalDate)
[ERROR]   location: variable entity of type za.co.mawa.bes.entity.v2.LegalCaseEntity
[ERROR] /C:/Users/TebogoMohale/IdeaProjects/mawa-bes/src/main/java/za/co/mawa/bes/service/v2/LegalCaseService.java:[80,15] cannot find symbol
[ERROR]   symbol:   method setUpdatedAt(java.time.LocalDateTime)
[ERROR]   location: variable entity of type za.co.mawa.bes.entity.v2.LegalCaseEntity
[ERROR] /C:/Users/TebogoMohale/IdeaProjects/mawa-bes/src/main/java/za/co/mawa/bes/service/v2/LegalCaseService.java:[81,15] cannot find symbol
[ERROR]   symbol:   method setUpdatedBy(java.lang.String)
[ERROR]   location: variable entity of type za.co.mawa.bes.entity.v2.LegalCaseEntity
[ERROR] /C:/Users/TebogoMohale/IdeaProjects/mawa-bes/src/main/java/za/co/mawa/bes/service/BookingService.java:[38,54] no suitable constructor found for TransactionCreateDto(no arguments)
[ERROR]     constructor za.co.mawa.bes.dto.transaction.TransactionCreateDto.TransactionCreateDto(za.co.mawa.bes.dto.quotation.QuotationCreateDto) is not applicable
[ERROR]       (actual and formal argument lists differ in length)
[ERROR]     constructor za.co.mawa.bes.dto.transaction.TransactionCreateDto.TransactionCreateDto(za.co.mawa.bes.dto.service.request.ServiceRequestCreateDto) is not applicable
[ERROR]       (actual and formal argument lists differ in length)
[ERROR]     constructor za.co.mawa.bes.dto.transaction.TransactionCreateDto.TransactionCreateDto(za.co.mawa.bes.dto.sales.order.SalesOrderCreateDto) is not applicable
[ERROR]       (actual and formal argument lists differ in length)
[ERROR]     constructor za.co.mawa.bes.dto.transaction.TransactionCreateDto.TransactionCreateDto(za.co.mawa.bes.dto.purchase.order.PurchaseOrderCreateDto) is not applicable
[ERROR]       (actual and formal argument lists differ in length)
[ERROR]     constructor za.co.mawa.bes.dto.transaction.TransactionCreateDto.TransactionCreateDto(za.co.mawa.bes.dto.invoice.InvoiceCreateDto) is not applicable
[ERROR]       (actual and formal argument lists differ in length)
[ERROR]     constructor za.co.mawa.bes.dto.transaction.TransactionCreateDto.TransactionCreateDto(za.co.mawa.bes.dto.claim.ClaimCreateDto) is not applicable
[ERROR]       (actual and formal argument lists differ in length)
[ERROR]     constructor za.co.mawa.bes.dto.transaction.TransactionCreateDto.TransactionCreateDto(za.co.mawa.bes.dto.inquiry.InquiryCreateDto) is not applicable
[ERROR]       (actual and formal argument lists differ in length)
[ERROR] /C:/Users/TebogoMohale/IdeaProjects/mawa-bes/src/main/java/za/co/mawa/bes/service/BookingService.java:[39,30] cannot find symbol
[ERROR]   symbol:   method setType(java.lang.String)
[ERROR]   location: variable transactionCreate of type za.co.mawa.bes.dto.transaction.TransactionCreateDto
[ERROR] /C:/Users/TebogoMohale/IdeaProjects/mawa-bes/src/main/java/za/co/mawa/bes/service/BookingService.java:[40,30] cannot find symbol
[ERROR]   symbol:   method setStatus(java.lang.String)
[ERROR]   location: variable transactionCreate of type za.co.mawa.bes.dto.transaction.TransactionCreateDto
[ERROR] /C:/Users/TebogoMohale/IdeaProjects/mawa-bes/src/main/java/za/co/mawa/bes/service/BookingService.java:[42,30] cannot find symbol
[ERROR]   symbol:   method getId()
[ERROR]   location: variable transactionDto of type za.co.mawa.bes.dto.transaction.TransactionDto
[ERROR] /C:/Users/TebogoMohale/IdeaProjects/mawa-bes/src/main/java/za/co/mawa/bes/service/BookingService.java:[43,44] cannot find symbol
[ERROR]   symbol:   method getBookTime()
[ERROR]   location: variable createDto of type za.co.mawa.bes.dto.booking.BookingCreateDto
[ERROR] /C:/Users/TebogoMohale/IdeaProjects/mawa-bes/src/main/java/za/co/mawa/bes/service/BookingService.java:[43,82] cannot find symbol
[ERROR]   symbol:   method getBookTime()
[ERROR]   location: variable createDto of type za.co.mawa.bes.dto.booking.BookingCreateDto
[ERROR] /C:/Users/TebogoMohale/IdeaProjects/mawa-bes/src/main/java/za/co/mawa/bes/service/BookingService.java:[44,44] cannot find symbol
[ERROR]   symbol:   method getBookDate()
[ERROR]   location: variable createDto of type za.co.mawa.bes.dto.booking.BookingCreateDto
[ERROR] /C:/Users/TebogoMohale/IdeaProjects/mawa-bes/src/main/java/za/co/mawa/bes/service/BookingService.java:[44,80] cannot find symbol
[ERROR]   symbol:   method getBookDate()
[ERROR]   location: variable createDto of type za.co.mawa.bes.dto.booking.BookingCreateDto
[ERROR] /C:/Users/TebogoMohale/IdeaProjects/mawa-bes/src/main/java/za/co/mawa/bes/service/BookingService.java:[54,48] constructor TransactionDateDto in class za.co.mawa.bes.dto.transaction.TransactionDateDto cannot be applied to given types;
[ERROR]   required: za.co.mawa.bes.entity.transaction.TransactionDateEntity
[ERROR]   found:    no arguments
[ERROR]   reason: actual and formal argument lists differ in length
[ERROR] /C:/Users/TebogoMohale/IdeaProjects/mawa-bes/src/main/java/za/co/mawa/bes/service/BookingService.java:[55,26] cannot find symbol
[ERROR]   symbol:   method setType(java.lang.String)
[ERROR]   location: variable dates of type za.co.mawa.bes.dto.transaction.TransactionDateDto
[ERROR] /C:/Users/TebogoMohale/IdeaProjects/mawa-bes/src/main/java/za/co/mawa/bes/service/BookingService.java:[56,56] cannot find symbol
[ERROR]   symbol:   method getId()
[ERROR]   location: variable transactionDto of type za.co.mawa.bes.dto.transaction.TransactionDto
[ERROR] /C:/Users/TebogoMohale/IdeaProjects/mawa-bes/src/main/java/za/co/mawa/bes/service/BookingService.java:[57,26] cannot find symbol
[ERROR]   symbol:   method setValue(java.util.Date)
[ERROR]   location: variable dates of type za.co.mawa.bes.dto.transaction.TransactionDateDto
[ERROR] /C:/Users/TebogoMohale/IdeaProjects/mawa-bes/src/main/java/za/co/mawa/bes/service/BookingService.java:[61,44] constructor TransactionDateDto in class za.co.mawa.bes.dto.transaction.TransactionDateDto cannot be applied to given types;
[ERROR]   required: za.co.mawa.bes.entity.transaction.TransactionDateEntity
[ERROR]   found:    no arguments
[ERROR]   reason: actual and formal argument lists differ in length
[ERROR] /C:/Users/TebogoMohale/IdeaProjects/mawa-bes/src/main/java/za/co/mawa/bes/service/BookingService.java:[62,22] cannot find symbol
[ERROR]   symbol:   method setType(java.lang.String)
[ERROR]   location: variable dates of type za.co.mawa.bes.dto.transaction.TransactionDateDto
[ERROR] /C:/Users/TebogoMohale/IdeaProjects/mawa-bes/src/main/java/za/co/mawa/bes/service/BookingService.java:[63,52] cannot find symbol
[ERROR]   symbol:   method getId()
[ERROR]   location: variable transactionDto of type za.co.mawa.bes.dto.transaction.TransactionDto
[ERROR] /C:/Users/TebogoMohale/IdeaProjects/mawa-bes/src/main/java/za/co/mawa/bes/service/BookingService.java:[64,22] cannot find symbol
[ERROR]   symbol:   method setValue(java.util.Date)
[ERROR]   location: variable dates of type za.co.mawa.bes.dto.transaction.TransactionDateDto
[ERROR] /C:/Users/TebogoMohale/IdeaProjects/mawa-bes/src/main/java/za/co/mawa/bes/service/BookingService.java:[67,29] cannot find symbol
[ERROR]   symbol:   method getCustomerId()
[ERROR]   location: variable createDto of type za.co.mawa.bes.dto.booking.BookingCreateDto
[ERROR] /C:/Users/TebogoMohale/IdeaProjects/mawa-bes/src/main/java/za/co/mawa/bes/service/BookingService.java:[68,54] constructor TransactionPartnerDto in class za.co.mawa.bes.dto.transaction.partner.TransactionPartnerDto cannot be applied to given types;
[ERROR]   required: za.co.mawa.bes.entity.transaction.TransactionPartnerEntity
[ERROR]   found:    no arguments
[ERROR]   reason: actual and formal argument lists differ in length
[ERROR] /C:/Users/TebogoMohale/IdeaProjects/mawa-bes/src/main/java/za/co/mawa/bes/service/BookingService.java:[69,59] cannot find symbol
[ERROR]   symbol:   method getId()
[ERROR]   location: variable transactionDto of type za.co.mawa.bes.dto.transaction.TransactionDto
[ERROR] /C:/Users/TebogoMohale/IdeaProjects/mawa-bes/src/main/java/za/co/mawa/bes/service/BookingService.java:[70,50] cannot find symbol
[ERROR]   symbol:   method getCustomerId()
[ERROR]   location: variable createDto of type za.co.mawa.bes.dto.booking.BookingCreateDto
[ERROR] /C:/Users/TebogoMohale/IdeaProjects/mawa-bes/src/main/java/za/co/mawa/bes/service/BookingService.java:[71,29] cannot find symbol
[ERROR]   symbol:   method setFunction(java.lang.String)
[ERROR]   location: variable customer of type za.co.mawa.bes.dto.transaction.partner.TransactionPartnerDto
[ERROR] /C:/Users/TebogoMohale/IdeaProjects/mawa-bes/src/main/java/za/co/mawa/bes/service/BookingService.java:[74,29] cannot find symbol
[ERROR]   symbol:   method getEmployeeId()
[ERROR]   location: variable createDto of type za.co.mawa.bes.dto.booking.BookingCreateDto
[ERROR] /C:/Users/TebogoMohale/IdeaProjects/mawa-bes/src/main/java/za/co/mawa/bes/service/BookingService.java:[75,54] constructor TransactionPartnerDto in class za.co.mawa.bes.dto.transaction.partner.TransactionPartnerDto cannot be applied to given types;
[ERROR]   required: za.co.mawa.bes.entity.transaction.TransactionPartnerEntity
[ERROR]   found:    no arguments
[ERROR]   reason: actual and formal argument lists differ in length
[ERROR] /C:/Users/TebogoMohale/IdeaProjects/mawa-bes/src/main/java/za/co/mawa/bes/service/BookingService.java:[76,29] cannot find symbol
[ERROR]   symbol:   method setFunction(java.lang.String)
[ERROR]   location: variable employee of type za.co.mawa.bes.dto.transaction.partner.TransactionPartnerDto
[ERROR] /C:/Users/TebogoMohale/IdeaProjects/mawa-bes/src/main/java/za/co/mawa/bes/service/BookingService.java:[77,50] cannot find symbol
[ERROR]   symbol:   method getEmployeeId()
[ERROR]   location: variable createDto of type za.co.mawa.bes.dto.booking.BookingCreateDto
[ERROR] /C:/Users/TebogoMohale/IdeaProjects/mawa-bes/src/main/java/za/co/mawa/bes/service/BookingService.java:[78,59] cannot find symbol
[ERROR]   symbol:   method getId()
[ERROR]   location: variable transactionDto of type za.co.mawa.bes.dto.transaction.TransactionDto
[ERROR] /C:/Users/TebogoMohale/IdeaProjects/mawa-bes/src/main/java/za/co/mawa/bes/service/BookingService.java:[81,29] cannot find symbol
[ERROR]   symbol:   method getProductId()
[ERROR]   location: variable createDto of type za.co.mawa.bes.dto.booking.BookingCreateDto
[ERROR] /C:/Users/TebogoMohale/IdeaProjects/mawa-bes/src/main/java/za/co/mawa/bes/service/BookingService.java:[82,73] cannot find symbol
[ERROR]   symbol:   method getProductId()
[ERROR]   location: variable createDto of type za.co.mawa.bes.dto.booking.BookingCreateDto
[ERROR] /C:/Users/TebogoMohale/IdeaProjects/mawa-bes/src/main/java/za/co/mawa/bes/service/BookingService.java:[83,61] constructor TransactionItemDto in class za.co.mawa.bes.dto.transaction.item.TransactionItemDto cannot be applied to given types;
[ERROR]   required: za.co.mawa.bes.entity.transaction.TransactionItemEntity
[ERROR]   found:    no arguments
[ERROR]   reason: actual and formal argument lists differ in length
[ERROR] /C:/Users/TebogoMohale/IdeaProjects/mawa-bes/src/main/java/za/co/mawa/bes/service/BookingService.java:[84,61] cannot find symbol
[ERROR]   symbol:   method getId()
[ERROR]   location: variable productDto of type za.co.mawa.bes.dto.product.ProductDto
[ERROR] /C:/Users/TebogoMohale/IdeaProjects/mawa-bes/src/main/java/za/co/mawa/bes/service/BookingService.java:[85,69] cannot find symbol
[ERROR]   symbol:   method getId()
[ERROR]   location: variable transactionDto of type za.co.mawa.bes.dto.transaction.TransactionDto
[ERROR] /C:/Users/TebogoMohale/IdeaProjects/mawa-bes/src/main/java/za/co/mawa/bes/service/BookingService.java:[86,39] cannot find symbol
[ERROR]   symbol:   method setQuantity(java.math.BigDecimal)
[ERROR]   location: variable transactionItemDto of type za.co.mawa.bes.dto.transaction.item.TransactionItemDto
[ERROR] /C:/Users/TebogoMohale/IdeaProjects/mawa-bes/src/main/java/za/co/mawa/bes/service/BookingService.java:[87,71] cannot find symbol
[ERROR]   symbol:   method getBaseUnitOfMeasure()
[ERROR]   location: variable productDto of type za.co.mawa.bes.dto.product.ProductDto
[ERROR] /C:/Users/TebogoMohale/IdeaProjects/mawa-bes/src/main/java/za/co/mawa/bes/service/BookingService.java:[91,38] cannot find symbol
[ERROR]   symbol:   method getId()
[ERROR]   location: variable transactionDto of type za.co.mawa.bes.dto.transaction.TransactionDto
[ERROR] /C:/Users/TebogoMohale/IdeaProjects/mawa-bes/src/main/java/za/co/mawa/bes/service/BookingService.java:[107,26] cannot find symbol
[ERROR]   symbol:   method getType()
[ERROR]   location: variable transactionDto of type za.co.mawa.bes.dto.transaction.TransactionDto
[ERROR] /C:/Users/TebogoMohale/IdeaProjects/mawa-bes/src/main/java/za/co/mawa/bes/service/BookingService.java:[108,43] cannot find symbol
[ERROR]   symbol:   method getId()
[ERROR]   location: variable transactionDto of type za.co.mawa.bes.dto.transaction.TransactionDto
[ERROR] -> [Help 1]
[ERROR] 
[ERROR] To see the full stack trace of the errors, re-run Maven with the -e switch.
[ERROR] Re-run Maven using the -X switch to enable full debug logging.
[ERROR] 
[ERROR] For more information about the errors and possible solutions, please read the following articles:
[ERROR] [Help 1] http://cwiki.apache.org/confluence/display/MAVEN/MojoFailureException
