[INFO] Scanning for projects...
[INFO] 
[INFO] -----------------------< za.co.raretag:mawa-bes >-----------------------
[INFO] Building mawa-bes 0.0.1-SNAPSHOT
[INFO] --------------------------------[ jar ]---------------------------------
[WARNING] The artifact mysql:mysql-connector-java:jar:8.0.31 has been relocated to com.mysql:mysql-connector-j:jar:8.0.31: MySQL Connector/J artifacts moved to reverse-DNS compliant Maven 2+ coordinates.
[INFO] 
[INFO] --- maven-resources-plugin:2.6:resources (default-resources) @ mawa-bes ---
[INFO] Using 'UTF-8' encoding to copy filtered resources.
[INFO] Copying 7 resources
[INFO] Copying 8 resources
[INFO] 
[INFO] --- maven-compiler-plugin:3.11.0:compile (default-compile) @ mawa-bes ---
[INFO] Changes detected - recompiling the module! :source
[INFO] Compiling 1561 source files with javac [debug release 17] to target\classes
[INFO] /C:/Users/TebogoMohale/IdeaProjects/mawa-bes/src/main/java/za/co/mawa/bes/service/FieldOptionService.java: Some input files use or override a deprecated API.
[INFO] /C:/Users/TebogoMohale/IdeaProjects/mawa-bes/src/main/java/za/co/mawa/bes/service/FieldOptionService.java: Recompile with -Xlint:deprecation for details.
[INFO] /C:/Users/TebogoMohale/IdeaProjects/mawa-bes/src/main/java/za/co/mawa/bes/configuration/web/WebSecurityConfig.java: C:\Users\TebogoMohale\IdeaProjects\mawa-bes\src\main\java\za\co\mawa\bes\configuration\web\WebSecurityConfig.java uses or overrides a deprecated API that is marked for removal.
[INFO] /C:/Users/TebogoMohale/IdeaProjects/mawa-bes/src/main/java/za/co/mawa/bes/service/PartnerService.java: Some input files use unchecked or unsafe operations.
[INFO] /C:/Users/TebogoMohale/IdeaProjects/mawa-bes/src/main/java/za/co/mawa/bes/service/PartnerService.java: Recompile with -Xlint:unchecked for details.
[INFO] Some messages have been simplified; recompile with -Xdiags:verbose to get full output
[INFO] -------------------------------------------------------------
[WARNING] COMPILATION WARNING : 
[INFO] -------------------------------------------------------------
[WARNING] /C:/Users/TebogoMohale/IdeaProjects/mawa-bes/src/main/java/za/co/mawa/bes/entity/ProductStorageBinEntity.java:[20,24] @Builder will ignore the initializing expression entirely. If you want the initializing expression to serve as default, add @Builder.Default. If it is not supposed to be settable during building, make the field final.
[WARNING] /C:/Users/TebogoMohale/IdeaProjects/mawa-bes/src/main/java/za/co/mawa/bes/entity/ProductStorageBinEntity.java:[23,24] @Builder will ignore the initializing expression entirely. If you want the initializing expression to serve as default, add @Builder.Default. If it is not supposed to be settable during building, make the field final.
[WARNING] /C:/Users/TebogoMohale/IdeaProjects/mawa-bes/src/main/java/za/co/mawa/bes/entity/v2/ApprovalWorkflowEntity.java:[44,21] @Builder will ignore the initializing expression entirely. If you want the initializing expression to serve as default, add @Builder.Default. If it is not supposed to be settable during building, make the field final.
[WARNING] /C:/Users/TebogoMohale/IdeaProjects/mawa-bes/src/main/java/za/co/mawa/bes/entity/v2/ApprovalWorkflowEntity.java:[47,27] @Builder will ignore the initializing expression entirely. If you want the initializing expression to serve as default, add @Builder.Default. If it is not supposed to be settable during building, make the field final.
[WARNING] /C:/Users/TebogoMohale/IdeaProjects/mawa-bes/src/main/java/za/co/mawa/bes/entity/v2/ApprovalWorkflowEntity.java:[60,46] @Builder will ignore the initializing expression entirely. If you want the initializing expression to serve as default, add @Builder.Default. If it is not supposed to be settable during building, make the field final.
[WARNING] /C:/Users/TebogoMohale/IdeaProjects/mawa-bes/src/main/java/za/co/mawa/bes/entity/v2/PayrollPaymentBatchEntity.java:[41,39] @Builder will ignore the initializing expression entirely. If you want the initializing expression to serve as default, add @Builder.Default. If it is not supposed to be settable during building, make the field final.
[WARNING] /C:/Users/TebogoMohale/IdeaProjects/mawa-bes/src/main/java/za/co/mawa/bes/entity/v2/PayrollPaymentBatchEntity.java:[44,21] @Builder will ignore the initializing expression entirely. If you want the initializing expression to serve as default, add @Builder.Default. If it is not supposed to be settable during building, make the field final.
[WARNING] /C:/Users/TebogoMohale/IdeaProjects/mawa-bes/src/main/java/za/co/mawa/bes/entity/v2/PayrollPaymentBatchEntity.java:[47,18] @Builder will ignore the initializing expression entirely. If you want the initializing expression to serve as default, add @Builder.Default. If it is not supposed to be settable during building, make the field final.
[WARNING] /C:/Users/TebogoMohale/IdeaProjects/mawa-bes/src/main/java/za/co/mawa/bes/entity/v2/PayrollPaymentBatchEntity.java:[50,21] @Builder will ignore the initializing expression entirely. If you want the initializing expression to serve as default, add @Builder.Default. If it is not supposed to be settable during building, make the field final.
[WARNING] /C:/Users/TebogoMohale/IdeaProjects/mawa-bes/src/main/java/za/co/mawa/bes/entity/v2/UserModuleUsageEntity.java:[45,18] @Builder will ignore the initializing expression entirely. If you want the initializing expression to serve as default, add @Builder.Default. If it is not supposed to be settable during building, make the field final.
[WARNING] /C:/Users/TebogoMohale/IdeaProjects/mawa-bes/src/main/java/za/co/mawa/bes/entity/v2/ReceiptAllocationEntity.java:[46,18] @Builder will ignore the initializing expression entirely. If you want the initializing expression to serve as default, add @Builder.Default. If it is not supposed to be settable during building, make the field final.
[WARNING] /C:/Users/TebogoMohale/IdeaProjects/mawa-bes/src/main/java/za/co/mawa/bes/entity/v2/ReceiptAllocationEntity.java:[50,27] @Builder will ignore the initializing expression entirely. If you want the initializing expression to serve as default, add @Builder.Default. If it is not supposed to be settable during building, make the field final.
[WARNING] /C:/Users/TebogoMohale/IdeaProjects/mawa-bes/src/main/java/za/co/mawa/bes/entity/v2/ReceiptAllocationEntity.java:[56,27] @Builder will ignore the initializing expression entirely. If you want the initializing expression to serve as default, add @Builder.Default. If it is not supposed to be settable during building, make the field final.
[WARNING] /C:/Users/TebogoMohale/IdeaProjects/mawa-bes/src/main/java/za/co/mawa/bes/entity/v2/MembershipPremiumEntity.java:[44,18] @Builder will ignore the initializing expression entirely. If you want the initializing expression to serve as default, add @Builder.Default. If it is not supposed to be settable during building, make the field final.
[WARNING] /C:/Users/TebogoMohale/IdeaProjects/mawa-bes/src/main/java/za/co/mawa/bes/entity/v2/MembershipPremiumEntity.java:[47,18] @Builder will ignore the initializing expression entirely. If you want the initializing expression to serve as default, add @Builder.Default. If it is not supposed to be settable during building, make the field final.
[WARNING] /C:/Users/TebogoMohale/IdeaProjects/mawa-bes/src/main/java/za/co/mawa/bes/entity/v2/MembershipPremiumEntity.java:[51,27] @Builder will ignore the initializing expression entirely. If you want the initializing expression to serve as default, add @Builder.Default. If it is not supposed to be settable during building, make the field final.
[WARNING] /C:/Users/TebogoMohale/IdeaProjects/mawa-bes/src/main/java/za/co/mawa/bes/entity/v2/MembershipPremiumEntity.java:[57,27] @Builder will ignore the initializing expression entirely. If you want the initializing expression to serve as default, add @Builder.Default. If it is not supposed to be settable during building, make the field final.
[WARNING] /C:/Users/TebogoMohale/IdeaProjects/mawa-bes/src/main/java/za/co/mawa/bes/entity/v2/GroupSocietyMemberEntity.java:[45,20] @Builder will ignore the initializing expression entirely. If you want the initializing expression to serve as default, add @Builder.Default. If it is not supposed to be settable during building, make the field final.
[WARNING] /C:/Users/TebogoMohale/IdeaProjects/mawa-bes/src/main/java/za/co/mawa/bes/entity/v2/MembershipPlanEntity.java:[46,20] @Builder will ignore the initializing expression entirely. If you want the initializing expression to serve as default, add @Builder.Default. If it is not supposed to be settable during building, make the field final.
[WARNING] /C:/Users/TebogoMohale/IdeaProjects/mawa-bes/src/main/java/za/co/mawa/bes/entity/v2/MembershipPlanEntity.java:[52,21] @Builder will ignore the initializing expression entirely. If you want the initializing expression to serve as default, add @Builder.Default. If it is not supposed to be settable during building, make the field final.
[WARNING] /C:/Users/TebogoMohale/IdeaProjects/mawa-bes/src/main/java/za/co/mawa/bes/entity/v2/MembershipPlanEntity.java:[55,27] @Builder will ignore the initializing expression entirely. If you want the initializing expression to serve as default, add @Builder.Default. If it is not supposed to be settable during building, make the field final.
[WARNING] /C:/Users/TebogoMohale/IdeaProjects/mawa-bes/src/main/java/za/co/mawa/bes/entity/InvoiceEntity.java:[44,20] @Builder will ignore the initializing expression entirely. If you want the initializing expression to serve as default, add @Builder.Default. If it is not supposed to be settable during building, make the field final.
[WARNING] /C:/Users/TebogoMohale/IdeaProjects/mawa-bes/src/main/java/za/co/mawa/bes/entity/InvoiceEntity.java:[47,18] @Builder will ignore the initializing expression entirely. If you want the initializing expression to serve as default, add @Builder.Default. If it is not supposed to be settable during building, make the field final.
[WARNING] /C:/Users/TebogoMohale/IdeaProjects/mawa-bes/src/main/java/za/co/mawa/bes/entity/InvoiceEntity.java:[50,18] @Builder will ignore the initializing expression entirely. If you want the initializing expression to serve as default, add @Builder.Default. If it is not supposed to be settable during building, make the field final.
[WARNING] /C:/Users/TebogoMohale/IdeaProjects/mawa-bes/src/main/java/za/co/mawa/bes/entity/InvoiceEntity.java:[53,18] @Builder will ignore the initializing expression entirely. If you want the initializing expression to serve as default, add @Builder.Default. If it is not supposed to be settable during building, make the field final.
[WARNING] /C:/Users/TebogoMohale/IdeaProjects/mawa-bes/src/main/java/za/co/mawa/bes/entity/InvoiceEntity.java:[56,18] @Builder will ignore the initializing expression entirely. If you want the initializing expression to serve as default, add @Builder.Default. If it is not supposed to be settable during building, make the field final.
[WARNING] /C:/Users/TebogoMohale/IdeaProjects/mawa-bes/src/main/java/za/co/mawa/bes/entity/InvoiceEntity.java:[59,18] @Builder will ignore the initializing expression entirely. If you want the initializing expression to serve as default, add @Builder.Default. If it is not supposed to be settable during building, make the field final.
[WARNING] /C:/Users/TebogoMohale/IdeaProjects/mawa-bes/src/main/java/za/co/mawa/bes/entity/InvoiceEntity.java:[62,18] @Builder will ignore the initializing expression entirely. If you want the initializing expression to serve as default, add @Builder.Default. If it is not supposed to be settable during building, make the field final.
[WARNING] /C:/Users/TebogoMohale/IdeaProjects/mawa-bes/src/main/java/za/co/mawa/bes/entity/InvoiceEntity.java:[65,20] @Builder will ignore the initializing expression entirely. If you want the initializing expression to serve as default, add @Builder.Default. If it is not supposed to be settable during building, make the field final.
[WARNING] /C:/Users/TebogoMohale/IdeaProjects/mawa-bes/src/main/java/za/co/mawa/bes/entity/InvoiceEntity.java:[84,37] @Builder will ignore the initializing expression entirely. If you want the initializing expression to serve as default, add @Builder.Default. If it is not supposed to be settable during building, make the field final.
[WARNING] /C:/Users/TebogoMohale/IdeaProjects/mawa-bes/src/main/java/za/co/mawa/bes/entity/InvoiceEntity.java:[88,40] @Builder will ignore the initializing expression entirely. If you want the initializing expression to serve as default, add @Builder.Default. If it is not supposed to be settable during building, make the field final.
[WARNING] /C:/Users/TebogoMohale/IdeaProjects/mawa-bes/src/main/java/za/co/mawa/bes/entity/v2/FuneralExternalMembershipCoverEntity.java:[49,18] @Builder will ignore the initializing expression entirely. If you want the initializing expression to serve as default, add @Builder.Default. If it is not supposed to be settable during building, make the field final.
[WARNING] /C:/Users/TebogoMohale/IdeaProjects/mawa-bes/src/main/java/za/co/mawa/bes/entity/v2/FuneralExternalMembershipCoverEntity.java:[52,20] @Builder will ignore the initializing expression entirely. If you want the initializing expression to serve as default, add @Builder.Default. If it is not supposed to be settable during building, make the field final.
[WARNING] /C:/Users/TebogoMohale/IdeaProjects/mawa-bes/src/main/java/za/co/mawa/bes/entity/v2/FuneralPickupRequestEntity.java:[43,20] @Builder will ignore the initializing expression entirely. If you want the initializing expression to serve as default, add @Builder.Default. If it is not supposed to be settable during building, make the field final.
[WARNING] /C:/Users/TebogoMohale/IdeaProjects/mawa-bes/src/main/java/za/co/mawa/bes/entity/v2/ReceiptEntity.java:[53,18] @Builder will ignore the initializing expression entirely. If you want the initializing expression to serve as default, add @Builder.Default. If it is not supposed to be settable during building, make the field final.
[WARNING] /C:/Users/TebogoMohale/IdeaProjects/mawa-bes/src/main/java/za/co/mawa/bes/entity/v2/ReceiptEntity.java:[57,27] @Builder will ignore the initializing expression entirely. If you want the initializing expression to serve as default, add @Builder.Default. If it is not supposed to be settable during building, make the field final.
[WARNING] /C:/Users/TebogoMohale/IdeaProjects/mawa-bes/src/main/java/za/co/mawa/bes/entity/v2/ReceiptEntity.java:[61,24] @Builder will ignore the initializing expression entirely. If you want the initializing expression to serve as default, add @Builder.Default. If it is not supposed to be settable during building, make the field final.
[WARNING] /C:/Users/TebogoMohale/IdeaProjects/mawa-bes/src/main/java/za/co/mawa/bes/entity/v2/ReceiptEntity.java:[79,21] @Builder will ignore the initializing expression entirely. If you want the initializing expression to serve as default, add @Builder.Default. If it is not supposed to be settable during building, make the field final.
[WARNING] /C:/Users/TebogoMohale/IdeaProjects/mawa-bes/src/main/java/za/co/mawa/bes/entity/v2/ReceiptEntity.java:[82,21] @Builder will ignore the initializing expression entirely. If you want the initializing expression to serve as default, add @Builder.Default. If it is not supposed to be settable during building, make the field final.
[WARNING] /C:/Users/TebogoMohale/IdeaProjects/mawa-bes/src/main/java/za/co/mawa/bes/entity/v2/ReceiptEntity.java:[91,27] @Builder will ignore the initializing expression entirely. If you want the initializing expression to serve as default, add @Builder.Default. If it is not supposed to be settable during building, make the field final.
[WARNING] /C:/Users/TebogoMohale/IdeaProjects/mawa-bes/src/main/java/za/co/mawa/bes/entity/v2/FuneralMortuaryInventoryEntity.java:[40,20] @Builder will ignore the initializing expression entirely. If you want the initializing expression to serve as default, add @Builder.Default. If it is not supposed to be settable during building, make the field final.
[WARNING] /C:/Users/TebogoMohale/IdeaProjects/mawa-bes/src/main/java/za/co/mawa/bes/entity/v2/MembershipDependentEntity.java:[44,21] @Builder will ignore the initializing expression entirely. If you want the initializing expression to serve as default, add @Builder.Default. If it is not supposed to be settable during building, make the field final.
[WARNING] /C:/Users/TebogoMohale/IdeaProjects/mawa-bes/src/main/java/za/co/mawa/bes/entity/v2/MembershipDependentEntity.java:[47,27] @Builder will ignore the initializing expression entirely. If you want the initializing expression to serve as default, add @Builder.Default. If it is not supposed to be settable during building, make the field final.
[WARNING] /C:/Users/TebogoMohale/IdeaProjects/mawa-bes/src/main/java/za/co/mawa/bes/entity/v2/MembershipClaimEntity.java:[58,18] @Builder will ignore the initializing expression entirely. If you want the initializing expression to serve as default, add @Builder.Default. If it is not supposed to be settable during building, make the field final.
[WARNING] /C:/Users/TebogoMohale/IdeaProjects/mawa-bes/src/main/java/za/co/mawa/bes/entity/v2/MembershipClaimEntity.java:[62,35] @Builder will ignore the initializing expression entirely. If you want the initializing expression to serve as default, add @Builder.Default. If it is not supposed to be settable during building, make the field final.
[WARNING] /C:/Users/TebogoMohale/IdeaProjects/mawa-bes/src/main/java/za/co/mawa/bes/entity/v2/MembershipPlanClaimPayoutEntity.java:[56,27] @Builder will ignore the initializing expression entirely. If you want the initializing expression to serve as default, add @Builder.Default. If it is not supposed to be settable during building, make the field final.
[WARNING] /C:/Users/TebogoMohale/IdeaProjects/mawa-bes/src/main/java/za/co/mawa/bes/entity/v2/MembershipPlanClaimPayoutEntity.java:[63,21] @Builder will ignore the initializing expression entirely. If you want the initializing expression to serve as default, add @Builder.Default. If it is not supposed to be settable during building, make the field final.
[WARNING] /C:/Users/TebogoMohale/IdeaProjects/mawa-bes/src/main/java/za/co/mawa/bes/entity/v2/MembershipPlanClaimPayoutEntity.java:[66,27] @Builder will ignore the initializing expression entirely. If you want the initializing expression to serve as default, add @Builder.Default. If it is not supposed to be settable during building, make the field final.
[WARNING] /C:/Users/TebogoMohale/IdeaProjects/mawa-bes/src/main/java/za/co/mawa/bes/entity/v2/NumberRangeAllocationEntity.java:[39,20] @Builder will ignore the initializing expression entirely. If you want the initializing expression to serve as default, add @Builder.Default. If it is not supposed to be settable during building, make the field final.
[WARNING] /C:/Users/TebogoMohale/IdeaProjects/mawa-bes/src/main/java/za/co/mawa/bes/entity/v2/MembershipEntity.java:[55,20] @Builder will ignore the initializing expression entirely. If you want the initializing expression to serve as default, add @Builder.Default. If it is not supposed to be settable during building, make the field final.
[WARNING] /C:/Users/TebogoMohale/IdeaProjects/mawa-bes/src/main/java/za/co/mawa/bes/entity/v2/MembershipEntity.java:[64,27] @Builder will ignore the initializing expression entirely. If you want the initializing expression to serve as default, add @Builder.Default. If it is not supposed to be settable during building, make the field final.
[WARNING] /C:/Users/TebogoMohale/IdeaProjects/mawa-bes/src/main/java/za/co/mawa/bes/entity/v2/MembershipPlanPremiumRuleEntity.java:[58,21] @Builder will ignore the initializing expression entirely. If you want the initializing expression to serve as default, add @Builder.Default. If it is not supposed to be settable during building, make the field final.
[WARNING] /C:/Users/TebogoMohale/IdeaProjects/mawa-bes/src/main/java/za/co/mawa/bes/entity/v2/MembershipPlanPremiumRuleEntity.java:[61,27] @Builder will ignore the initializing expression entirely. If you want the initializing expression to serve as default, add @Builder.Default. If it is not supposed to be settable during building, make the field final.
[WARNING] /C:/Users/TebogoMohale/IdeaProjects/mawa-bes/src/main/java/za/co/mawa/bes/entity/v2/CaseTrustTransactionEntity.java:[78,21] @Builder will ignore the initializing expression entirely. If you want the initializing expression to serve as default, add @Builder.Default. If it is not supposed to be settable during building, make the field final.
[WARNING] /C:/Users/TebogoMohale/IdeaProjects/mawa-bes/src/main/java/za/co/mawa/bes/entity/StorageBinEntity.java:[52,20] @Builder will ignore the initializing expression entirely. If you want the initializing expression to serve as default, add @Builder.Default. If it is not supposed to be settable during building, make the field final.
[WARNING] /C:/Users/TebogoMohale/IdeaProjects/mawa-bes/src/main/java/za/co/mawa/bes/entity/StorageBinEntity.java:[55,20] @Builder will ignore the initializing expression entirely. If you want the initializing expression to serve as default, add @Builder.Default. If it is not supposed to be settable during building, make the field final.
[WARNING] /C:/Users/TebogoMohale/IdeaProjects/mawa-bes/src/main/java/za/co/mawa/bes/entity/StorageBinEntity.java:[64,21] @Builder will ignore the initializing expression entirely. If you want the initializing expression to serve as default, add @Builder.Default. If it is not supposed to be settable during building, make the field final.
[WARNING] /C:/Users/TebogoMohale/IdeaProjects/mawa-bes/src/main/java/za/co/mawa/bes/entity/MessageQueueEntity.java:[33,21] @Builder will ignore the initializing expression entirely. If you want the initializing expression to serve as default, add @Builder.Default. If it is not supposed to be settable during building, make the field final.
[WARNING] /C:/Users/TebogoMohale/IdeaProjects/mawa-bes/src/main/java/za/co/mawa/bes/entity/MessageQueueEntity.java:[36,17] @Builder will ignore the initializing expression entirely. If you want the initializing expression to serve as default, add @Builder.Default. If it is not supposed to be settable during building, make the field final.
[WARNING] /C:/Users/TebogoMohale/IdeaProjects/mawa-bes/src/main/java/za/co/mawa/bes/entity/MessageQueueEntity.java:[39,27] @Builder will ignore the initializing expression entirely. If you want the initializing expression to serve as default, add @Builder.Default. If it is not supposed to be settable during building, make the field final.
[WARNING] /C:/Users/TebogoMohale/IdeaProjects/mawa-bes/src/main/java/za/co/mawa/bes/entity/v2/CashupReceiptEntity.java:[35,18] @Builder will ignore the initializing expression entirely. If you want the initializing expression to serve as default, add @Builder.Default. If it is not supposed to be settable during building, make the field final.
[WARNING] /C:/Users/TebogoMohale/IdeaProjects/mawa-bes/src/main/java/za/co/mawa/bes/entity/v2/FuneralMembershipCoverEntity.java:[37,18] @Builder will ignore the initializing expression entirely. If you want the initializing expression to serve as default, add @Builder.Default. If it is not supposed to be settable during building, make the field final.
[WARNING] /C:/Users/TebogoMohale/IdeaProjects/mawa-bes/src/main/java/za/co/mawa/bes/entity/v2/FuneralMembershipCoverEntity.java:[40,20] @Builder will ignore the initializing expression entirely. If you want the initializing expression to serve as default, add @Builder.Default. If it is not supposed to be settable during building, make the field final.
[WARNING] /C:/Users/TebogoMohale/IdeaProjects/mawa-bes/src/main/java/za/co/mawa/bes/entity/v2/CashupPaymentSummaryEntity.java:[40,18] @Builder will ignore the initializing expression entirely. If you want the initializing expression to serve as default, add @Builder.Default. If it is not supposed to be settable during building, make the field final.
[WARNING] /C:/Users/TebogoMohale/IdeaProjects/mawa-bes/src/main/java/za/co/mawa/bes/entity/v2/CashupPaymentSummaryEntity.java:[43,21] @Builder will ignore the initializing expression entirely. If you want the initializing expression to serve as default, add @Builder.Default. If it is not supposed to be settable during building, make the field final.
[WARNING] /C:/Users/TebogoMohale/IdeaProjects/mawa-bes/src/main/java/za/co/mawa/bes/entity/InvoiceLineEntity.java:[35,20] @Builder will ignore the initializing expression entirely. If you want the initializing expression to serve as default, add @Builder.Default. If it is not supposed to be settable during building, make the field final.
[WARNING] /C:/Users/TebogoMohale/IdeaProjects/mawa-bes/src/main/java/za/co/mawa/bes/entity/InvoiceLineEntity.java:[38,18] @Builder will ignore the initializing expression entirely. If you want the initializing expression to serve as default, add @Builder.Default. If it is not supposed to be settable during building, make the field final.
[WARNING] /C:/Users/TebogoMohale/IdeaProjects/mawa-bes/src/main/java/za/co/mawa/bes/entity/InvoiceLineEntity.java:[41,18] @Builder will ignore the initializing expression entirely. If you want the initializing expression to serve as default, add @Builder.Default. If it is not supposed to be settable during building, make the field final.
[WARNING] /C:/Users/TebogoMohale/IdeaProjects/mawa-bes/src/main/java/za/co/mawa/bes/entity/InvoiceLineEntity.java:[44,18] @Builder will ignore the initializing expression entirely. If you want the initializing expression to serve as default, add @Builder.Default. If it is not supposed to be settable during building, make the field final.
[WARNING] /C:/Users/TebogoMohale/IdeaProjects/mawa-bes/src/main/java/za/co/mawa/bes/entity/InvoiceLineEntity.java:[47,18] @Builder will ignore the initializing expression entirely. If you want the initializing expression to serve as default, add @Builder.Default. If it is not supposed to be settable during building, make the field final.
[WARNING] /C:/Users/TebogoMohale/IdeaProjects/mawa-bes/src/main/java/za/co/mawa/bes/entity/InvoiceLineEntity.java:[50,18] @Builder will ignore the initializing expression entirely. If you want the initializing expression to serve as default, add @Builder.Default. If it is not supposed to be settable during building, make the field final.
[WARNING] /C:/Users/TebogoMohale/IdeaProjects/mawa-bes/src/main/java/za/co/mawa/bes/entity/v2/CaseTimeEntryEntity.java:[27,47] @Builder will ignore the initializing expression entirely. If you want the initializing expression to serve as default, add @Builder.Default. If it is not supposed to be settable during building, make the field final.
[WARNING] /C:/Users/TebogoMohale/IdeaProjects/mawa-bes/src/main/java/za/co/mawa/bes/entity/v2/CaseTimeEntryEntity.java:[28,47] @Builder will ignore the initializing expression entirely. If you want the initializing expression to serve as default, add @Builder.Default. If it is not supposed to be settable during building, make the field final.
[WARNING] /C:/Users/TebogoMohale/IdeaProjects/mawa-bes/src/main/java/za/co/mawa/bes/entity/v2/LegalCaseEntity.java:[37,29] @Builder will ignore the initializing expression entirely. If you want the initializing expression to serve as default, add @Builder.Default. If it is not supposed to be settable during building, make the field final.
[WARNING] /C:/Users/TebogoMohale/IdeaProjects/mawa-bes/src/main/java/za/co/mawa/bes/entity/v2/LegalCaseEntity.java:[40,26] @Builder will ignore the initializing expression entirely. If you want the initializing expression to serve as default, add @Builder.Default. If it is not supposed to be settable during building, make the field final.
[WARNING] /C:/Users/TebogoMohale/IdeaProjects/mawa-bes/src/main/java/za/co/mawa/bes/entity/v2/LegalCaseEntity.java:[57,29] @Builder will ignore the initializing expression entirely. If you want the initializing expression to serve as default, add @Builder.Default. If it is not supposed to be settable during building, make the field final.
[WARNING] /C:/Users/TebogoMohale/IdeaProjects/mawa-bes/src/main/java/za/co/mawa/bes/entity/v2/LegalCaseEntity.java:[63,20] @Builder will ignore the initializing expression entirely. If you want the initializing expression to serve as default, add @Builder.Default. If it is not supposed to be settable during building, make the field final.
[WARNING] /C:/Users/TebogoMohale/IdeaProjects/mawa-bes/src/main/java/za/co/mawa/bes/entity/v2/LegalCaseEntity.java:[65,21] @Builder will ignore the initializing expression entirely. If you want the initializing expression to serve as default, add @Builder.Default. If it is not supposed to be settable during building, make the field final.
[WARNING] /C:/Users/TebogoMohale/IdeaProjects/mawa-bes/src/main/java/za/co/mawa/bes/entity/v2/LegalCaseEntity.java:[67,18] @Builder will ignore the initializing expression entirely. If you want the initializing expression to serve as default, add @Builder.Default. If it is not supposed to be settable during building, make the field final.
[WARNING] /C:/Users/TebogoMohale/IdeaProjects/mawa-bes/src/main/java/za/co/mawa/bes/entity/v2/LegalCaseEntity.java:[69,18] @Builder will ignore the initializing expression entirely. If you want the initializing expression to serve as default, add @Builder.Default. If it is not supposed to be settable during building, make the field final.
[WARNING] /C:/Users/TebogoMohale/IdeaProjects/mawa-bes/src/main/java/za/co/mawa/bes/entity/v2/LegalCaseEntity.java:[71,18] @Builder will ignore the initializing expression entirely. If you want the initializing expression to serve as default, add @Builder.Default. If it is not supposed to be settable during building, make the field final.
[WARNING] /C:/Users/TebogoMohale/IdeaProjects/mawa-bes/src/main/java/za/co/mawa/bes/entity/v2/LegalCaseEntity.java:[73,18] @Builder will ignore the initializing expression entirely. If you want the initializing expression to serve as default, add @Builder.Default. If it is not supposed to be settable during building, make the field final.
[WARNING] /C:/Users/TebogoMohale/IdeaProjects/mawa-bes/src/main/java/za/co/mawa/bes/entity/v2/LegalCaseEntity.java:[75,18] @Builder will ignore the initializing expression entirely. If you want the initializing expression to serve as default, add @Builder.Default. If it is not supposed to be settable during building, make the field final.
[WARNING] /C:/Users/TebogoMohale/IdeaProjects/mawa-bes/src/main/java/za/co/mawa/bes/entity/v2/LegalCaseEntity.java:[77,18] @Builder will ignore the initializing expression entirely. If you want the initializing expression to serve as default, add @Builder.Default. If it is not supposed to be settable during building, make the field final.
[WARNING] /C:/Users/TebogoMohale/IdeaProjects/mawa-bes/src/main/java/za/co/mawa/bes/entity/v2/PaymentBatchEntity.java:[44,18] @Builder will ignore the initializing expression entirely. If you want the initializing expression to serve as default, add @Builder.Default. If it is not supposed to be settable during building, make the field final.
[WARNING] /C:/Users/TebogoMohale/IdeaProjects/mawa-bes/src/main/java/za/co/mawa/bes/entity/v2/PaymentBatchEntity.java:[66,32] @Builder will ignore the initializing expression entirely. If you want the initializing expression to serve as default, add @Builder.Default. If it is not supposed to be settable during building, make the field final.
[WARNING] /C:/Users/TebogoMohale/IdeaProjects/mawa-bes/src/main/java/za/co/mawa/bes/entity/v2/PaymentBatchEntity.java:[70,24] @Builder will ignore the initializing expression entirely. If you want the initializing expression to serve as default, add @Builder.Default. If it is not supposed to be settable during building, make the field final.
[WARNING] /C:/Users/TebogoMohale/IdeaProjects/mawa-bes/src/main/java/za/co/mawa/bes/entity/v2/PaymentBatchEntity.java:[79,27] @Builder will ignore the initializing expression entirely. If you want the initializing expression to serve as default, add @Builder.Default. If it is not supposed to be settable during building, make the field final.
[WARNING] /C:/Users/TebogoMohale/IdeaProjects/mawa-bes/src/main/java/za/co/mawa/bes/entity/v2/FuneralPackageEntity.java:[25,18] @Builder will ignore the initializing expression entirely. If you want the initializing expression to serve as default, add @Builder.Default. If it is not supposed to be settable during building, make the field final.
[WARNING] /C:/Users/TebogoMohale/IdeaProjects/mawa-bes/src/main/java/za/co/mawa/bes/entity/v2/FuneralPackageEntity.java:[32,21] @Builder will ignore the initializing expression entirely. If you want the initializing expression to serve as default, add @Builder.Default. If it is not supposed to be settable during building, make the field final.
[WARNING] /C:/Users/TebogoMohale/IdeaProjects/mawa-bes/src/main/java/za/co/mawa/bes/entity/v2/CaseEventEntity.java:[28,84] @Builder will ignore the initializing expression entirely. If you want the initializing expression to serve as default, add @Builder.Default. If it is not supposed to be settable during building, make the field final.
[WARNING] /C:/Users/TebogoMohale/IdeaProjects/mawa-bes/src/main/java/za/co/mawa/bes/entity/v2/CashupEntity.java:[38,18] @Builder will ignore the initializing expression entirely. If you want the initializing expression to serve as default, add @Builder.Default. If it is not supposed to be settable during building, make the field final.
[WARNING] /C:/Users/TebogoMohale/IdeaProjects/mawa-bes/src/main/java/za/co/mawa/bes/entity/v2/CashupEntity.java:[41,21] @Builder will ignore the initializing expression entirely. If you want the initializing expression to serve as default, add @Builder.Default. If it is not supposed to be settable during building, make the field final.
[WARNING] /C:/Users/TebogoMohale/IdeaProjects/mawa-bes/src/main/java/za/co/mawa/bes/entity/v2/CashupEntity.java:[44,20] @Builder will ignore the initializing expression entirely. If you want the initializing expression to serve as default, add @Builder.Default. If it is not supposed to be settable during building, make the field final.
[WARNING] /C:/Users/TebogoMohale/IdeaProjects/mawa-bes/src/main/java/za/co/mawa/bes/entity/v2/ApprovalWorkflowStepApproverEntity.java:[39,21] @Builder will ignore the initializing expression entirely. If you want the initializing expression to serve as default, add @Builder.Default. If it is not supposed to be settable during building, make the field final.
[WARNING] /C:/Users/TebogoMohale/IdeaProjects/mawa-bes/src/main/java/za/co/mawa/bes/entity/v2/ApprovalWorkflowStepApproverEntity.java:[42,27] @Builder will ignore the initializing expression entirely. If you want the initializing expression to serve as default, add @Builder.Default. If it is not supposed to be settable during building, make the field final.
[WARNING] /C:/Users/TebogoMohale/IdeaProjects/mawa-bes/src/main/java/za/co/mawa/bes/entity/v2/FuneralServiceClaimEntity.java:[31,20] @Builder will ignore the initializing expression entirely. If you want the initializing expression to serve as default, add @Builder.Default. If it is not supposed to be settable during building, make the field final.
[WARNING] /C:/Users/TebogoMohale/IdeaProjects/mawa-bes/src/main/java/za/co/mawa/bes/entity/v2/ApiEndpointLogEntity.java:[61,21] @Builder will ignore the initializing expression entirely. If you want the initializing expression to serve as default, add @Builder.Default. If it is not supposed to be settable during building, make the field final.
[WARNING] /C:/Users/TebogoMohale/IdeaProjects/mawa-bes/src/main/java/za/co/mawa/bes/entity/v2/ApiEndpointLogEntity.java:[67,27] @Builder will ignore the initializing expression entirely. If you want the initializing expression to serve as default, add @Builder.Default. If it is not supposed to be settable during building, make the field final.
[WARNING] /C:/Users/TebogoMohale/IdeaProjects/mawa-bes/src/main/java/za/co/mawa/bes/entity/v2/FuneralServiceEntity.java:[50,18] @Builder will ignore the initializing expression entirely. If you want the initializing expression to serve as default, add @Builder.Default. If it is not supposed to be settable during building, make the field final.
[INFO] 100 warnings 
[INFO] -------------------------------------------------------------
[INFO] -------------------------------------------------------------
[ERROR] COMPILATION ERROR : 
[INFO] -------------------------------------------------------------
[ERROR] /C:/Users/TebogoMohale/IdeaProjects/mawa-bes/src/main/java/za/co/mawa/bes/controller/RoleController.java:[91,52] incompatible types: za.co.mawa.bes.entity.RoleWorkcenterPKEntity cannot be converted to za.co.mawa.bes.dto.RoleWorkcenterPKResponseDto
[ERROR] /C:/Users/TebogoMohale/IdeaProjects/mawa-bes/src/main/java/za/co/mawa/bes/controller/RoleController.java:[94,60] incompatible types: za.co.mawa.bes.dto.RoleWorkcenterPKResponseDto cannot be converted to za.co.mawa.bes.entity.RoleWorkcenterPKEntity
[ERROR] /C:/Users/TebogoMohale/IdeaProjects/mawa-bes/src/main/java/za/co/mawa/bes/mapper/InvoicePaymentMapper.java:[22,43] incompatible types: za.co.mawa.bes.entity.InvoiceEntity cannot be converted to java.lang.String
[ERROR] /C:/Users/TebogoMohale/IdeaProjects/mawa-bes/src/main/java/za/co/mawa/bes/mapper/InvoicePaymentMapper.java:[33,44] incompatible types: java.lang.String cannot be converted to za.co.mawa.bes.entity.InvoiceEntity
[ERROR] /C:/Users/TebogoMohale/IdeaProjects/mawa-bes/src/main/java/za/co/mawa/bes/mapper/InvoicePaymentMapper.java:[42,45] incompatible types: java.lang.String cannot be converted to za.co.mawa.bes.entity.InvoiceEntity
[ERROR] /C:/Users/TebogoMohale/IdeaProjects/mawa-bes/src/main/java/za/co/mawa/bes/mapper/PrintJobMapper.java:[22,34] cannot find symbol
  symbol:   method getCompleted()
  location: variable entity of type za.co.mawa.bes.entity.PrintJobEntity
[ERROR] /C:/Users/TebogoMohale/IdeaProjects/mawa-bes/src/main/java/za/co/mawa/bes/mapper/PrintJobMapper.java:[35,35] cannot find symbol
  symbol:   method getCompleted()
  location: variable request of type za.co.mawa.bes.dto.PrintJobCreateRequestDto
[ERROR] /C:/Users/TebogoMohale/IdeaProjects/mawa-bes/src/main/java/za/co/mawa/bes/mapper/PrintJobMapper.java:[48,36] cannot find symbol
  symbol:   method getCompleted()
  location: variable request of type za.co.mawa.bes.dto.PrintJobUpdateRequestDto
[ERROR] /C:/Users/TebogoMohale/IdeaProjects/mawa-bes/src/main/java/za/co/mawa/bes/mapper/InvoiceLineMapper.java:[22,43] incompatible types: za.co.mawa.bes.entity.InvoiceEntity cannot be converted to java.lang.String
[ERROR] /C:/Users/TebogoMohale/IdeaProjects/mawa-bes/src/main/java/za/co/mawa/bes/mapper/InvoiceLineMapper.java:[35,44] incompatible types: java.lang.String cannot be converted to za.co.mawa.bes.entity.InvoiceEntity
[ERROR] /C:/Users/TebogoMohale/IdeaProjects/mawa-bes/src/main/java/za/co/mawa/bes/mapper/InvoiceLineMapper.java:[48,45] incompatible types: java.lang.String cannot be converted to za.co.mawa.bes.entity.InvoiceEntity
[ERROR] /C:/Users/TebogoMohale/IdeaProjects/mawa-bes/src/main/java/za/co/mawa/bes/service/v2/MembershipPlanClaimPayoutService.java:[167,17] cannot find symbol
  symbol:   method planId(java.lang.String)
  location: class za.co.mawa.bes.dto.v2.MembershipPlanClaimPayoutResponseDto.MembershipPlanClaimPayoutResponseDtoBuilder
[ERROR] /C:/Users/TebogoMohale/IdeaProjects/mawa-bes/src/main/java/za/co/mawa/bes/service/v2/MembershipPremiumPaymentService.java:[73,55] incompatible types: java.lang.String cannot be converted to za.co.mawa.bes.enums.ReceiptSourceType
[ERROR] /C:/Users/TebogoMohale/IdeaProjects/mawa-bes/src/main/java/za/co/mawa/bes/service/v2/MembershipPremiumPaymentService.java:[207,24] cannot find symbol
  symbol:   method getAllocations()
  location: variable lastReceipt of type za.co.mawa.bes.dto.v2.ReceiptResponseDto
[ERROR] /C:/Users/TebogoMohale/IdeaProjects/mawa-bes/src/main/java/za/co/mawa/bes/service/v2/MembershipPremiumPaymentService.java:[207,64] cannot find symbol
  symbol:   method getAllocations()
  location: variable lastReceipt of type za.co.mawa.bes.dto.v2.ReceiptResponseDto
[ERROR] /C:/Users/TebogoMohale/IdeaProjects/mawa-bes/src/main/java/za/co/mawa/bes/service/v2/MembershipPremiumPaymentService.java:[211,40] cannot find symbol
  symbol:   method getAllocations()
  location: variable lastReceipt of type za.co.mawa.bes.dto.v2.ReceiptResponseDto
[ERROR] /C:/Users/TebogoMohale/IdeaProjects/mawa-bes/src/main/java/za/co/mawa/bes/service/v2/MembershipPremiumPaymentService.java:[222,24] cannot find symbol
  symbol:   method getAllocations()
  location: variable lastReceipt of type za.co.mawa.bes.dto.v2.ReceiptResponseDto
[ERROR] /C:/Users/TebogoMohale/IdeaProjects/mawa-bes/src/main/java/za/co/mawa/bes/service/v2/MembershipPremiumPaymentService.java:[222,64] cannot find symbol
  symbol:   method getAllocations()
  location: variable lastReceipt of type za.co.mawa.bes.dto.v2.ReceiptResponseDto
[ERROR] /C:/Users/TebogoMohale/IdeaProjects/mawa-bes/src/main/java/za/co/mawa/bes/service/v2/MembershipPremiumPaymentService.java:[226,27] cannot find symbol
  symbol:   method getAllocations()
  location: variable lastReceipt of type za.co.mawa.bes.dto.v2.ReceiptResponseDto
[ERROR] /C:/Users/TebogoMohale/IdeaProjects/mawa-bes/src/main/java/za/co/mawa/bes/service/v2/ReceiptMapper.java:[23,98] incompatible types: bad type in conditional expression
    java.lang.String cannot be converted to za.co.mawa.bes.enums.ReceiptSourceType
[ERROR] /C:/Users/TebogoMohale/IdeaProjects/mawa-bes/src/main/java/za/co/mawa/bes/service/v2/ReceiptMapper.java:[39,116] incompatible types: bad type in conditional expression
    java.lang.String cannot be converted to za.co.mawa.bes.enums.ReceiptAllocationType
[ERROR] /C:/Users/TebogoMohale/IdeaProjects/mawa-bes/src/main/java/za/co/mawa/bes/service/v2/MembershipPlanPremiumRuleService.java:[170,17] cannot find symbol
  symbol:   method planId(java.lang.String)
  location: class za.co.mawa.bes.dto.v2.MembershipPlanPremiumRuleResponseDto.MembershipPlanPremiumRuleResponseDtoBuilder
[ERROR] /C:/Users/TebogoMohale/IdeaProjects/mawa-bes/src/main/java/za/co/mawa/bes/controller/PasswordController.java:[50,67] incompatible types: za.co.mawa.bes.entity.UserEntity cannot be converted to za.co.mawa.bes.dto.UserResponseDto
[ERROR] /C:/Users/TebogoMohale/IdeaProjects/mawa-bes/src/main/java/za/co/mawa/bes/mapper/PartnerDatePKMapper.java:[18,35] cannot find symbol
  symbol:   method getPartner_no()
  location: variable entity of type za.co.mawa.bes.entity.PartnerDatePKEntity
[ERROR] /C:/Users/TebogoMohale/IdeaProjects/mawa-bes/src/main/java/za/co/mawa/bes/mapper/PartnerDatePKMapper.java:[28,17] cannot find symbol
  symbol:   method partner_no(java.lang.String)
  location: class za.co.mawa.bes.entity.PartnerDatePKEntity.PartnerDatePKEntityBuilder
[ERROR] /C:/Users/TebogoMohale/IdeaProjects/mawa-bes/src/main/java/za/co/mawa/bes/mapper/PartnerDatePKMapper.java:[37,15] cannot find symbol
  symbol:   method setPartner_no(java.lang.String)
  location: variable entity of type za.co.mawa.bes.entity.PartnerDatePKEntity
[ERROR] /C:/Users/TebogoMohale/IdeaProjects/mawa-bes/src/main/java/za/co/mawa/bes/service/CashupRangeService.java:[67,27] no suitable constructor found for CashupRangeAllocationEntity(java.lang.String,long,long)
    constructor za.co.mawa.bes.entity.CashupRangeAllocationEntity.CashupRangeAllocationEntity() is not applicable
      (actual and formal argument lists differ in length)
    constructor za.co.mawa.bes.entity.CashupRangeAllocationEntity.CashupRangeAllocationEntity(java.lang.Long,java.lang.String,long,long,long,java.lang.String,java.time.Instant) is not applicable
      (actual and formal argument lists differ in length)
[ERROR] /C:/Users/TebogoMohale/IdeaProjects/mawa-bes/src/main/java/za/co/mawa/bes/mapper/ProductStorageBinMapper.java:[18,33] incompatible types: za.co.mawa.bes.entity.ProductStorageBinPKEntity cannot be converted to java.lang.String
[ERROR] /C:/Users/TebogoMohale/IdeaProjects/mawa-bes/src/main/java/za/co/mawa/bes/mapper/ProductStorageBinMapper.java:[38,35] incompatible types: java.lang.String cannot be converted to za.co.mawa.bes.entity.ProductStorageBinPKEntity
[ERROR] /C:/Users/TebogoMohale/IdeaProjects/mawa-bes/src/main/java/za/co/mawa/bes/mapper/UserRoleMapper.java:[27,30] cannot find symbol
  symbol:   method builder()
  location: class za.co.mawa.bes.entity.UserRoleEntity
[ERROR] /C:/Users/TebogoMohale/IdeaProjects/mawa-bes/src/main/java/za/co/mawa/bes/service/ReceiptRangeService.java:[63,27] no suitable constructor found for ReceiptRangeAllocationEntity(java.lang.String,long,long)
    constructor za.co.mawa.bes.entity.ReceiptRangeAllocationEntity.ReceiptRangeAllocationEntity() is not applicable
      (actual and formal argument lists differ in length)
    constructor za.co.mawa.bes.entity.ReceiptRangeAllocationEntity.ReceiptRangeAllocationEntity(java.lang.Long,java.lang.String,long,long,long,java.lang.String,java.time.Instant) is not applicable
      (actual and formal argument lists differ in length)
[ERROR] /C:/Users/TebogoMohale/IdeaProjects/mawa-bes/src/main/java/za/co/mawa/bes/mapper/notification/NotificationMapper.java:[34,34] cannot find symbol
  symbol:   method builder()
  location: class za.co.mawa.bes.entity.notification.NotificationEntity
[ERROR] /C:/Users/TebogoMohale/IdeaProjects/mawa-bes/src/main/java/za/co/mawa/bes/service/v2/MembershipPremiumSyncOfflineService.java:[193,24] cannot find symbol
  symbol:   method getAllocations()
  location: variable lastReceipt of type za.co.mawa.bes.dto.v2.ReceiptResponseDto
[ERROR] /C:/Users/TebogoMohale/IdeaProjects/mawa-bes/src/main/java/za/co/mawa/bes/service/v2/MembershipPremiumSyncOfflineService.java:[193,64] cannot find symbol
  symbol:   method getAllocations()
  location: variable lastReceipt of type za.co.mawa.bes.dto.v2.ReceiptResponseDto
[ERROR] /C:/Users/TebogoMohale/IdeaProjects/mawa-bes/src/main/java/za/co/mawa/bes/service/v2/MembershipPremiumSyncOfflineService.java:[197,27] cannot find symbol
  symbol:   method getAllocations()
  location: variable lastReceipt of type za.co.mawa.bes.dto.v2.ReceiptResponseDto
[ERROR] /C:/Users/TebogoMohale/IdeaProjects/mawa-bes/src/main/java/za/co/mawa/bes/mapper/v2/CashupPaymentSummaryMapper.java:[21,41] incompatible types: za.co.mawa.bes.entity.v2.CashupEntity cannot be converted to java.lang.String
[ERROR] /C:/Users/TebogoMohale/IdeaProjects/mawa-bes/src/main/java/za/co/mawa/bes/mapper/v2/CashupPaymentSummaryMapper.java:[31,42] incompatible types: java.lang.String cannot be converted to za.co.mawa.bes.entity.v2.CashupEntity
[ERROR] /C:/Users/TebogoMohale/IdeaProjects/mawa-bes/src/main/java/za/co/mawa/bes/mapper/v2/CashupPaymentSummaryMapper.java:[40,43] incompatible types: java.lang.String cannot be converted to za.co.mawa.bes.entity.v2.CashupEntity
[ERROR] /C:/Users/TebogoMohale/IdeaProjects/mawa-bes/src/main/java/za/co/mawa/bes/controller/PartnerController.java:[172,47] incompatible types: za.co.mawa.bes.entity.PartnerRolePKEntity cannot be converted to za.co.mawa.bes.dto.PartnerRolePKResponseDto
[ERROR] /C:/Users/TebogoMohale/IdeaProjects/mawa-bes/src/main/java/za/co/mawa/bes/controller/PartnerController.java:[175,77] incompatible types: za.co.mawa.bes.dto.PartnerRolePKResponseDto cannot be converted to za.co.mawa.bes.entity.PartnerRolePKEntity
[ERROR] /C:/Users/TebogoMohale/IdeaProjects/mawa-bes/src/main/java/za/co/mawa/bes/controller/PartnerController.java:[196,52] incompatible types: za.co.mawa.bes.entity.PartnerContactPKEntity cannot be converted to za.co.mawa.bes.dto.PartnerContactPKResponseDto
[ERROR] /C:/Users/TebogoMohale/IdeaProjects/mawa-bes/src/main/java/za/co/mawa/bes/controller/PartnerController.java:[199,61] incompatible types: za.co.mawa.bes.dto.PartnerContactPKResponseDto cannot be converted to za.co.mawa.bes.entity.PartnerContactPKEntity
[ERROR] /C:/Users/TebogoMohale/IdeaProjects/mawa-bes/src/main/java/za/co/mawa/bes/controller/PartnerController.java:[243,46] incompatible types: za.co.mawa.bes.entity.PartnerContactPKEntity cannot be converted to za.co.mawa.bes.dto.PartnerContactPKResponseDto
[ERROR] /C:/Users/TebogoMohale/IdeaProjects/mawa-bes/src/main/java/za/co/mawa/bes/controller/PartnerController.java:[246,70] incompatible types: za.co.mawa.bes.dto.PartnerContactPKResponseDto cannot be converted to za.co.mawa.bes.entity.PartnerContactPKEntity
[ERROR] /C:/Users/TebogoMohale/IdeaProjects/mawa-bes/src/main/java/za/co/mawa/bes/controller/PartnerController.java:[286,53] incompatible types: za.co.mawa.bes.entity.PartnerIdentityPKEntity cannot be converted to za.co.mawa.bes.dto.PartnerIdentityPKResponseDto
[ERROR] /C:/Users/TebogoMohale/IdeaProjects/mawa-bes/src/main/java/za/co/mawa/bes/controller/PartnerController.java:[289,68] incompatible types: za.co.mawa.bes.dto.PartnerIdentityPKResponseDto cannot be converted to za.co.mawa.bes.entity.PartnerIdentityPKEntity
[ERROR] /C:/Users/TebogoMohale/IdeaProjects/mawa-bes/src/main/java/za/co/mawa/bes/controller/PartnerController.java:[347,54] incompatible types: za.co.mawa.bes.entity.PartnerAttributePKEntity cannot be converted to za.co.mawa.bes.dto.PartnerAttributePKResponseDto
[ERROR] /C:/Users/TebogoMohale/IdeaProjects/mawa-bes/src/main/java/za/co/mawa/bes/controller/PartnerController.java:[350,81] incompatible types: za.co.mawa.bes.dto.PartnerAttributePKResponseDto cannot be converted to za.co.mawa.bes.entity.PartnerAttributePKEntity
[ERROR] /C:/Users/TebogoMohale/IdeaProjects/mawa-bes/src/main/java/za/co/mawa/bes/mapper/InvoiceMapper.java:[36,39] incompatible types: java.util.List<za.co.mawa.bes.entity.InvoiceLineEntity> cannot be converted to java.util.List<java.lang.String>
[ERROR] /C:/Users/TebogoMohale/IdeaProjects/mawa-bes/src/main/java/za/co/mawa/bes/mapper/InvoiceMapper.java:[59,40] incompatible types: java.util.List<java.lang.String> cannot be converted to java.util.List<za.co.mawa.bes.entity.InvoiceLineEntity>
[ERROR] /C:/Users/TebogoMohale/IdeaProjects/mawa-bes/src/main/java/za/co/mawa/bes/mapper/InvoiceMapper.java:[82,41] incompatible types: java.util.List<java.lang.String> cannot be converted to java.util.List<za.co.mawa.bes.entity.InvoiceLineEntity>
[ERROR] /C:/Users/TebogoMohale/IdeaProjects/mawa-bes/src/main/java/za/co/mawa/bes/controller/ProductController.java:[138,48] incompatible types: za.co.mawa.bes.entity.ProductAttributePKEntity cannot be converted to za.co.mawa.bes.dto.ProductAttributePKResponseDto
[ERROR] /C:/Users/TebogoMohale/IdeaProjects/mawa-bes/src/main/java/za/co/mawa/bes/controller/ProductController.java:[141,81] incompatible types: za.co.mawa.bes.dto.ProductAttributePKResponseDto cannot be converted to za.co.mawa.bes.entity.ProductAttributePKEntity
[ERROR] /C:/Users/TebogoMohale/IdeaProjects/mawa-bes/src/main/java/za/co/mawa/bes/controller/ProductController.java:[196,66] incompatible types: za.co.mawa.bes.entity.ProductPricingPKEntity cannot be converted to za.co.mawa.bes.dto.ProductPricingPKResponseDto
[ERROR] /C:/Users/TebogoMohale/IdeaProjects/mawa-bes/src/main/java/za/co/mawa/bes/controller/ProductController.java:[199,42] incompatible types: za.co.mawa.bes.dto.ProductPricingPKResponseDto cannot be converted to za.co.mawa.bes.entity.ProductPricingPKEntity
[ERROR] /C:/Users/TebogoMohale/IdeaProjects/mawa-bes/src/main/java/za/co/mawa/bes/controller/PayAppController.java:[130,41] incompatible types: za.co.mawa.bes.entity.PremiumEntity cannot be converted to za.co.mawa.bes.dto.PremiumResponseDto
[ERROR] /C:/Users/TebogoMohale/IdeaProjects/mawa-bes/src/main/java/za/co/mawa/bes/controller/PayAppController.java:[153,65] method save in interface org.springframework.data.repository.CrudRepository<T,ID> cannot be applied to given types;
  required: S
  found:    za.co.mawa.bes.dto.PremiumResponseDto
  reason: inference variable S has incompatible bounds
    upper bounds: za.co.mawa.bes.entity.PremiumEntity
    lower bounds: za.co.mawa.bes.dto.PremiumResponseDto
[ERROR] /C:/Users/TebogoMohale/IdeaProjects/mawa-bes/src/main/java/za/co/mawa/bes/controller/PrintJobController.java:[56,61] incompatible types: za.co.mawa.bes.entity.PrintJobEntity cannot be converted to za.co.mawa.bes.dto.PrintJobResponseDto
[ERROR] /C:/Users/TebogoMohale/IdeaProjects/mawa-bes/src/main/java/za/co/mawa/bes/controller/PrintJobController.java:[59,31] method save in interface org.springframework.data.repository.CrudRepository<T,ID> cannot be applied to given types;
  required: S
  found:    za.co.mawa.bes.dto.PrintJobResponseDto
  reason: inference variable S has incompatible bounds
    upper bounds: za.co.mawa.bes.entity.PrintJobEntity
    lower bounds: za.co.mawa.bes.dto.PrintJobResponseDto
[ERROR] /C:/Users/TebogoMohale/IdeaProjects/mawa-bes/src/main/java/za/co/mawa/bes/mapper/notification/NotificationLogMapper.java:[30,37] cannot find symbol
  symbol:   method builder()
  location: class za.co.mawa.bes.entity.notification.NotificationLogEntity
[INFO] 60 errors 
[INFO] -------------------------------------------------------------
[INFO] ------------------------------------------------------------------------
[INFO] BUILD FAILURE
[INFO] ------------------------------------------------------------------------
[INFO] Total time:  34.478 s
[INFO] Finished at: 2026-06-22T14:10:43+02:00
[INFO] ------------------------------------------------------------------------
[ERROR] Failed to execute goal org.apache.maven.plugins:maven-compiler-plugin:3.11.0:compile (default-compile) on project mawa-bes: Compilation failure: Compilation failure: 
[ERROR] /C:/Users/TebogoMohale/IdeaProjects/mawa-bes/src/main/java/za/co/mawa/bes/controller/RoleController.java:[91,52] incompatible types: za.co.mawa.bes.entity.RoleWorkcenterPKEntity cannot be converted to za.co.mawa.bes.dto.RoleWorkcenterPKResponseDto
[ERROR] /C:/Users/TebogoMohale/IdeaProjects/mawa-bes/src/main/java/za/co/mawa/bes/controller/RoleController.java:[94,60] incompatible types: za.co.mawa.bes.dto.RoleWorkcenterPKResponseDto cannot be converted to za.co.mawa.bes.entity.RoleWorkcenterPKEntity
[ERROR] /C:/Users/TebogoMohale/IdeaProjects/mawa-bes/src/main/java/za/co/mawa/bes/mapper/InvoicePaymentMapper.java:[22,43] incompatible types: za.co.mawa.bes.entity.InvoiceEntity cannot be converted to java.lang.String
[ERROR] /C:/Users/TebogoMohale/IdeaProjects/mawa-bes/src/main/java/za/co/mawa/bes/mapper/InvoicePaymentMapper.java:[33,44] incompatible types: java.lang.String cannot be converted to za.co.mawa.bes.entity.InvoiceEntity
[ERROR] /C:/Users/TebogoMohale/IdeaProjects/mawa-bes/src/main/java/za/co/mawa/bes/mapper/InvoicePaymentMapper.java:[42,45] incompatible types: java.lang.String cannot be converted to za.co.mawa.bes.entity.InvoiceEntity
[ERROR] /C:/Users/TebogoMohale/IdeaProjects/mawa-bes/src/main/java/za/co/mawa/bes/mapper/PrintJobMapper.java:[22,34] cannot find symbol
[ERROR]   symbol:   method getCompleted()
[ERROR]   location: variable entity of type za.co.mawa.bes.entity.PrintJobEntity
[ERROR] /C:/Users/TebogoMohale/IdeaProjects/mawa-bes/src/main/java/za/co/mawa/bes/mapper/PrintJobMapper.java:[35,35] cannot find symbol
[ERROR]   symbol:   method getCompleted()
[ERROR]   location: variable request of type za.co.mawa.bes.dto.PrintJobCreateRequestDto
[ERROR] /C:/Users/TebogoMohale/IdeaProjects/mawa-bes/src/main/java/za/co/mawa/bes/mapper/PrintJobMapper.java:[48,36] cannot find symbol
[ERROR]   symbol:   method getCompleted()
[ERROR]   location: variable request of type za.co.mawa.bes.dto.PrintJobUpdateRequestDto
[ERROR] /C:/Users/TebogoMohale/IdeaProjects/mawa-bes/src/main/java/za/co/mawa/bes/mapper/InvoiceLineMapper.java:[22,43] incompatible types: za.co.mawa.bes.entity.InvoiceEntity cannot be converted to java.lang.String
[ERROR] /C:/Users/TebogoMohale/IdeaProjects/mawa-bes/src/main/java/za/co/mawa/bes/mapper/InvoiceLineMapper.java:[35,44] incompatible types: java.lang.String cannot be converted to za.co.mawa.bes.entity.InvoiceEntity
[ERROR] /C:/Users/TebogoMohale/IdeaProjects/mawa-bes/src/main/java/za/co/mawa/bes/mapper/InvoiceLineMapper.java:[48,45] incompatible types: java.lang.String cannot be converted to za.co.mawa.bes.entity.InvoiceEntity
[ERROR] /C:/Users/TebogoMohale/IdeaProjects/mawa-bes/src/main/java/za/co/mawa/bes/service/v2/MembershipPlanClaimPayoutService.java:[167,17] cannot find symbol
[ERROR]   symbol:   method planId(java.lang.String)
[ERROR]   location: class za.co.mawa.bes.dto.v2.MembershipPlanClaimPayoutResponseDto.MembershipPlanClaimPayoutResponseDtoBuilder
[ERROR] /C:/Users/TebogoMohale/IdeaProjects/mawa-bes/src/main/java/za/co/mawa/bes/service/v2/MembershipPremiumPaymentService.java:[73,55] incompatible types: java.lang.String cannot be converted to za.co.mawa.bes.enums.ReceiptSourceType
[ERROR] /C:/Users/TebogoMohale/IdeaProjects/mawa-bes/src/main/java/za/co/mawa/bes/service/v2/MembershipPremiumPaymentService.java:[207,24] cannot find symbol
[ERROR]   symbol:   method getAllocations()
[ERROR]   location: variable lastReceipt of type za.co.mawa.bes.dto.v2.ReceiptResponseDto
[ERROR] /C:/Users/TebogoMohale/IdeaProjects/mawa-bes/src/main/java/za/co/mawa/bes/service/v2/MembershipPremiumPaymentService.java:[207,64] cannot find symbol
[ERROR]   symbol:   method getAllocations()
[ERROR]   location: variable lastReceipt of type za.co.mawa.bes.dto.v2.ReceiptResponseDto
[ERROR] /C:/Users/TebogoMohale/IdeaProjects/mawa-bes/src/main/java/za/co/mawa/bes/service/v2/MembershipPremiumPaymentService.java:[211,40] cannot find symbol
[ERROR]   symbol:   method getAllocations()
[ERROR]   location: variable lastReceipt of type za.co.mawa.bes.dto.v2.ReceiptResponseDto
[ERROR] /C:/Users/TebogoMohale/IdeaProjects/mawa-bes/src/main/java/za/co/mawa/bes/service/v2/MembershipPremiumPaymentService.java:[222,24] cannot find symbol
[ERROR]   symbol:   method getAllocations()
[ERROR]   location: variable lastReceipt of type za.co.mawa.bes.dto.v2.ReceiptResponseDto
[ERROR] /C:/Users/TebogoMohale/IdeaProjects/mawa-bes/src/main/java/za/co/mawa/bes/service/v2/MembershipPremiumPaymentService.java:[222,64] cannot find symbol
[ERROR]   symbol:   method getAllocations()
[ERROR]   location: variable lastReceipt of type za.co.mawa.bes.dto.v2.ReceiptResponseDto
[ERROR] /C:/Users/TebogoMohale/IdeaProjects/mawa-bes/src/main/java/za/co/mawa/bes/service/v2/MembershipPremiumPaymentService.java:[226,27] cannot find symbol
[ERROR]   symbol:   method getAllocations()
[ERROR]   location: variable lastReceipt of type za.co.mawa.bes.dto.v2.ReceiptResponseDto
[ERROR] /C:/Users/TebogoMohale/IdeaProjects/mawa-bes/src/main/java/za/co/mawa/bes/service/v2/ReceiptMapper.java:[23,98] incompatible types: bad type in conditional expression
[ERROR]     java.lang.String cannot be converted to za.co.mawa.bes.enums.ReceiptSourceType
[ERROR] /C:/Users/TebogoMohale/IdeaProjects/mawa-bes/src/main/java/za/co/mawa/bes/service/v2/ReceiptMapper.java:[39,116] incompatible types: bad type in conditional expression
[ERROR]     java.lang.String cannot be converted to za.co.mawa.bes.enums.ReceiptAllocationType
[ERROR] /C:/Users/TebogoMohale/IdeaProjects/mawa-bes/src/main/java/za/co/mawa/bes/service/v2/MembershipPlanPremiumRuleService.java:[170,17] cannot find symbol
[ERROR]   symbol:   method planId(java.lang.String)
[ERROR]   location: class za.co.mawa.bes.dto.v2.MembershipPlanPremiumRuleResponseDto.MembershipPlanPremiumRuleResponseDtoBuilder
[ERROR] /C:/Users/TebogoMohale/IdeaProjects/mawa-bes/src/main/java/za/co/mawa/bes/controller/PasswordController.java:[50,67] incompatible types: za.co.mawa.bes.entity.UserEntity cannot be converted to za.co.mawa.bes.dto.UserResponseDto
[ERROR] /C:/Users/TebogoMohale/IdeaProjects/mawa-bes/src/main/java/za/co/mawa/bes/mapper/PartnerDatePKMapper.java:[18,35] cannot find symbol
[ERROR]   symbol:   method getPartner_no()
[ERROR]   location: variable entity of type za.co.mawa.bes.entity.PartnerDatePKEntity
[ERROR] /C:/Users/TebogoMohale/IdeaProjects/mawa-bes/src/main/java/za/co/mawa/bes/mapper/PartnerDatePKMapper.java:[28,17] cannot find symbol
[ERROR]   symbol:   method partner_no(java.lang.String)
[ERROR]   location: class za.co.mawa.bes.entity.PartnerDatePKEntity.PartnerDatePKEntityBuilder
[ERROR] /C:/Users/TebogoMohale/IdeaProjects/mawa-bes/src/main/java/za/co/mawa/bes/mapper/PartnerDatePKMapper.java:[37,15] cannot find symbol
[ERROR]   symbol:   method setPartner_no(java.lang.String)
[ERROR]   location: variable entity of type za.co.mawa.bes.entity.PartnerDatePKEntity
[ERROR] /C:/Users/TebogoMohale/IdeaProjects/mawa-bes/src/main/java/za/co/mawa/bes/service/CashupRangeService.java:[67,27] no suitable constructor found for CashupRangeAllocationEntity(java.lang.String,long,long)
[ERROR]     constructor za.co.mawa.bes.entity.CashupRangeAllocationEntity.CashupRangeAllocationEntity() is not applicable
[ERROR]       (actual and formal argument lists differ in length)
[ERROR]     constructor za.co.mawa.bes.entity.CashupRangeAllocationEntity.CashupRangeAllocationEntity(java.lang.Long,java.lang.String,long,long,long,java.lang.String,java.time.Instant) is not applicable
[ERROR]       (actual and formal argument lists differ in length)
[ERROR] /C:/Users/TebogoMohale/IdeaProjects/mawa-bes/src/main/java/za/co/mawa/bes/mapper/ProductStorageBinMapper.java:[18,33] incompatible types: za.co.mawa.bes.entity.ProductStorageBinPKEntity cannot be converted to java.lang.String
[ERROR] /C:/Users/TebogoMohale/IdeaProjects/mawa-bes/src/main/java/za/co/mawa/bes/mapper/ProductStorageBinMapper.java:[38,35] incompatible types: java.lang.String cannot be converted to za.co.mawa.bes.entity.ProductStorageBinPKEntity
[ERROR] /C:/Users/TebogoMohale/IdeaProjects/mawa-bes/src/main/java/za/co/mawa/bes/mapper/UserRoleMapper.java:[27,30] cannot find symbol
[ERROR]   symbol:   method builder()
[ERROR]   location: class za.co.mawa.bes.entity.UserRoleEntity
[ERROR] /C:/Users/TebogoMohale/IdeaProjects/mawa-bes/src/main/java/za/co/mawa/bes/service/ReceiptRangeService.java:[63,27] no suitable constructor found for ReceiptRangeAllocationEntity(java.lang.String,long,long)
[ERROR]     constructor za.co.mawa.bes.entity.ReceiptRangeAllocationEntity.ReceiptRangeAllocationEntity() is not applicable
[ERROR]       (actual and formal argument lists differ in length)
[ERROR]     constructor za.co.mawa.bes.entity.ReceiptRangeAllocationEntity.ReceiptRangeAllocationEntity(java.lang.Long,java.lang.String,long,long,long,java.lang.String,java.time.Instant) is not applicable
[ERROR]       (actual and formal argument lists differ in length)
[ERROR] /C:/Users/TebogoMohale/IdeaProjects/mawa-bes/src/main/java/za/co/mawa/bes/mapper/notification/NotificationMapper.java:[34,34] cannot find symbol
[ERROR]   symbol:   method builder()
[ERROR]   location: class za.co.mawa.bes.entity.notification.NotificationEntity
[ERROR] /C:/Users/TebogoMohale/IdeaProjects/mawa-bes/src/main/java/za/co/mawa/bes/service/v2/MembershipPremiumSyncOfflineService.java:[193,24] cannot find symbol
[ERROR]   symbol:   method getAllocations()
[ERROR]   location: variable lastReceipt of type za.co.mawa.bes.dto.v2.ReceiptResponseDto
[ERROR] /C:/Users/TebogoMohale/IdeaProjects/mawa-bes/src/main/java/za/co/mawa/bes/service/v2/MembershipPremiumSyncOfflineService.java:[193,64] cannot find symbol
[ERROR]   symbol:   method getAllocations()
[ERROR]   location: variable lastReceipt of type za.co.mawa.bes.dto.v2.ReceiptResponseDto
[ERROR] /C:/Users/TebogoMohale/IdeaProjects/mawa-bes/src/main/java/za/co/mawa/bes/service/v2/MembershipPremiumSyncOfflineService.java:[197,27] cannot find symbol
[ERROR]   symbol:   method getAllocations()
[ERROR]   location: variable lastReceipt of type za.co.mawa.bes.dto.v2.ReceiptResponseDto
[ERROR] /C:/Users/TebogoMohale/IdeaProjects/mawa-bes/src/main/java/za/co/mawa/bes/mapper/v2/CashupPaymentSummaryMapper.java:[21,41] incompatible types: za.co.mawa.bes.entity.v2.CashupEntity cannot be converted to java.lang.String
[ERROR] /C:/Users/TebogoMohale/IdeaProjects/mawa-bes/src/main/java/za/co/mawa/bes/mapper/v2/CashupPaymentSummaryMapper.java:[31,42] incompatible types: java.lang.String cannot be converted to za.co.mawa.bes.entity.v2.CashupEntity
[ERROR] /C:/Users/TebogoMohale/IdeaProjects/mawa-bes/src/main/java/za/co/mawa/bes/mapper/v2/CashupPaymentSummaryMapper.java:[40,43] incompatible types: java.lang.String cannot be converted to za.co.mawa.bes.entity.v2.CashupEntity
[ERROR] /C:/Users/TebogoMohale/IdeaProjects/mawa-bes/src/main/java/za/co/mawa/bes/controller/PartnerController.java:[172,47] incompatible types: za.co.mawa.bes.entity.PartnerRolePKEntity cannot be converted to za.co.mawa.bes.dto.PartnerRolePKResponseDto
[ERROR] /C:/Users/TebogoMohale/IdeaProjects/mawa-bes/src/main/java/za/co/mawa/bes/controller/PartnerController.java:[175,77] incompatible types: za.co.mawa.bes.dto.PartnerRolePKResponseDto cannot be converted to za.co.mawa.bes.entity.PartnerRolePKEntity
[ERROR] /C:/Users/TebogoMohale/IdeaProjects/mawa-bes/src/main/java/za/co/mawa/bes/controller/PartnerController.java:[196,52] incompatible types: za.co.mawa.bes.entity.PartnerContactPKEntity cannot be converted to za.co.mawa.bes.dto.PartnerContactPKResponseDto
[ERROR] /C:/Users/TebogoMohale/IdeaProjects/mawa-bes/src/main/java/za/co/mawa/bes/controller/PartnerController.java:[199,61] incompatible types: za.co.mawa.bes.dto.PartnerContactPKResponseDto cannot be converted to za.co.mawa.bes.entity.PartnerContactPKEntity
[ERROR] /C:/Users/TebogoMohale/IdeaProjects/mawa-bes/src/main/java/za/co/mawa/bes/controller/PartnerController.java:[243,46] incompatible types: za.co.mawa.bes.entity.PartnerContactPKEntity cannot be converted to za.co.mawa.bes.dto.PartnerContactPKResponseDto
[ERROR] /C:/Users/TebogoMohale/IdeaProjects/mawa-bes/src/main/java/za/co/mawa/bes/controller/PartnerController.java:[246,70] incompatible types: za.co.mawa.bes.dto.PartnerContactPKResponseDto cannot be converted to za.co.mawa.bes.entity.PartnerContactPKEntity
[ERROR] /C:/Users/TebogoMohale/IdeaProjects/mawa-bes/src/main/java/za/co/mawa/bes/controller/PartnerController.java:[286,53] incompatible types: za.co.mawa.bes.entity.PartnerIdentityPKEntity cannot be converted to za.co.mawa.bes.dto.PartnerIdentityPKResponseDto
[ERROR] /C:/Users/TebogoMohale/IdeaProjects/mawa-bes/src/main/java/za/co/mawa/bes/controller/PartnerController.java:[289,68] incompatible types: za.co.mawa.bes.dto.PartnerIdentityPKResponseDto cannot be converted to za.co.mawa.bes.entity.PartnerIdentityPKEntity
[ERROR] /C:/Users/TebogoMohale/IdeaProjects/mawa-bes/src/main/java/za/co/mawa/bes/controller/PartnerController.java:[347,54] incompatible types: za.co.mawa.bes.entity.PartnerAttributePKEntity cannot be converted to za.co.mawa.bes.dto.PartnerAttributePKResponseDto
[ERROR] /C:/Users/TebogoMohale/IdeaProjects/mawa-bes/src/main/java/za/co/mawa/bes/controller/PartnerController.java:[350,81] incompatible types: za.co.mawa.bes.dto.PartnerAttributePKResponseDto cannot be converted to za.co.mawa.bes.entity.PartnerAttributePKEntity
[ERROR] /C:/Users/TebogoMohale/IdeaProjects/mawa-bes/src/main/java/za/co/mawa/bes/mapper/InvoiceMapper.java:[36,39] incompatible types: java.util.List<za.co.mawa.bes.entity.InvoiceLineEntity> cannot be converted to java.util.List<java.lang.String>
[ERROR] /C:/Users/TebogoMohale/IdeaProjects/mawa-bes/src/main/java/za/co/mawa/bes/mapper/InvoiceMapper.java:[59,40] incompatible types: java.util.List<java.lang.String> cannot be converted to java.util.List<za.co.mawa.bes.entity.InvoiceLineEntity>
[ERROR] /C:/Users/TebogoMohale/IdeaProjects/mawa-bes/src/main/java/za/co/mawa/bes/mapper/InvoiceMapper.java:[82,41] incompatible types: java.util.List<java.lang.String> cannot be converted to java.util.List<za.co.mawa.bes.entity.InvoiceLineEntity>
[ERROR] /C:/Users/TebogoMohale/IdeaProjects/mawa-bes/src/main/java/za/co/mawa/bes/controller/ProductController.java:[138,48] incompatible types: za.co.mawa.bes.entity.ProductAttributePKEntity cannot be converted to za.co.mawa.bes.dto.ProductAttributePKResponseDto
[ERROR] /C:/Users/TebogoMohale/IdeaProjects/mawa-bes/src/main/java/za/co/mawa/bes/controller/ProductController.java:[141,81] incompatible types: za.co.mawa.bes.dto.ProductAttributePKResponseDto cannot be converted to za.co.mawa.bes.entity.ProductAttributePKEntity
[ERROR] /C:/Users/TebogoMohale/IdeaProjects/mawa-bes/src/main/java/za/co/mawa/bes/controller/ProductController.java:[196,66] incompatible types: za.co.mawa.bes.entity.ProductPricingPKEntity cannot be converted to za.co.mawa.bes.dto.ProductPricingPKResponseDto
[ERROR] /C:/Users/TebogoMohale/IdeaProjects/mawa-bes/src/main/java/za/co/mawa/bes/controller/ProductController.java:[199,42] incompatible types: za.co.mawa.bes.dto.ProductPricingPKResponseDto cannot be converted to za.co.mawa.bes.entity.ProductPricingPKEntity
[ERROR] /C:/Users/TebogoMohale/IdeaProjects/mawa-bes/src/main/java/za/co/mawa/bes/controller/PayAppController.java:[130,41] incompatible types: za.co.mawa.bes.entity.PremiumEntity cannot be converted to za.co.mawa.bes.dto.PremiumResponseDto
[ERROR] /C:/Users/TebogoMohale/IdeaProjects/mawa-bes/src/main/java/za/co/mawa/bes/controller/PayAppController.java:[153,65] method save in interface org.springframework.data.repository.CrudRepository<T,ID> cannot be applied to given types;
[ERROR]   required: S
[ERROR]   found:    za.co.mawa.bes.dto.PremiumResponseDto
[ERROR]   reason: inference variable S has incompatible bounds
[ERROR]     upper bounds: za.co.mawa.bes.entity.PremiumEntity
[ERROR]     lower bounds: za.co.mawa.bes.dto.PremiumResponseDto
[ERROR] /C:/Users/TebogoMohale/IdeaProjects/mawa-bes/src/main/java/za/co/mawa/bes/controller/PrintJobController.java:[56,61] incompatible types: za.co.mawa.bes.entity.PrintJobEntity cannot be converted to za.co.mawa.bes.dto.PrintJobResponseDto
[ERROR] /C:/Users/TebogoMohale/IdeaProjects/mawa-bes/src/main/java/za/co/mawa/bes/controller/PrintJobController.java:[59,31] method save in interface org.springframework.data.repository.CrudRepository<T,ID> cannot be applied to given types;
[ERROR]   required: S
[ERROR]   found:    za.co.mawa.bes.dto.PrintJobResponseDto
[ERROR]   reason: inference variable S has incompatible bounds
[ERROR]     upper bounds: za.co.mawa.bes.entity.PrintJobEntity
[ERROR]     lower bounds: za.co.mawa.bes.dto.PrintJobResponseDto
[ERROR] /C:/Users/TebogoMohale/IdeaProjects/mawa-bes/src/main/java/za/co/mawa/bes/mapper/notification/NotificationLogMapper.java:[30,37] cannot find symbol
[ERROR]   symbol:   method builder()
[ERROR]   location: class za.co.mawa.bes.entity.notification.NotificationLogEntity
[ERROR] -> [Help 1]
[ERROR] 
[ERROR] To see the full stack trace of the errors, re-run Maven with the -e switch.
[ERROR] Re-run Maven using the -X switch to enable full debug logging.
[ERROR] 
[ERROR] For more information about the errors and possible solutions, please read the following articles:
[ERROR] [Help 1] http://cwiki.apache.org/confluence/display/MAVEN/MojoFailureException
