
[ERROR] COMPILATION ERROR : 
[ERROR] 
[ERROR] 
[ERROR] 
[ERROR] 
[ERROR] 
[ERROR] 
[ERROR] 
[ERROR] /C:/Users/TebogoMohale/IdeaProjects/mawa-bes/src/main/java/za/co/mawa/bes/mapper/PrintJobMapper.java:[22,34] 
[ERROR] /C:/Users/TebogoMohale/IdeaProjects/mawa-bes/src/main/java/za/co/mawa/bes/mapper/PrintJobMapper.java:[35,35] 
[ERROR] /C:/Users/TebogoMohale/IdeaProjects/mawa-bes/src/main/java/za/co/mawa/bes/mapper/PrintJobMapper.java:[48,36] 
[ERROR] 
[ERROR] 
[ERROR] 
[ERROR] /C:/Users/TebogoMohale/IdeaProjects/mawa-bes/src/main/java/za/co/mawa/bes/service/v2/MembershipPlanClaimPayoutS
[ERROR] /C:/Users/TebogoMohale/IdeaProjects/mawa-bes/src/main/java/za/co/mawa/bes/service/v2/MembershipPremiumPaymentSe
[ERROR] /C:/Users/TebogoMohale/IdeaProjects/mawa-bes/src/main/java/za/co/mawa/bes/service/v2/MembershipPremiumPaymentSe
[ERROR] /C:/Users/TebogoMohale/IdeaProjects/mawa-bes/src/main/java/za/co/mawa/bes/service/v2/MembershipPremiumPaymentSe
[ERROR] /C:/Users/TebogoMohale/IdeaProjects/mawa-bes/src/main/java/za/co/mawa/bes/service/v2/MembershipPremiumPaymentSe
[ERROR] /C:/Users/TebogoMohale/IdeaProjects/mawa-bes/src/main/java/za/co/mawa/bes/service/v2/MembershipPremiumPaymentSe
[ERROR] /C:/Users/TebogoMohale/IdeaProjects/mawa-bes/src/main/java/za/co/mawa/bes/service/v2/MembershipPremiumPaymentSe
[ERROR] /C:/Users/TebogoMohale/IdeaProjects/mawa-bes/src/main/java/za/co/mawa/bes/service/v2/MembershipPremiumPaymentSe
[ERROR] 
[ERROR] 
[ERROR] /C:/Users/TebogoMohale/IdeaProjects/mawa-bes/src/main/java/za/co/mawa/bes/service/v2/MembershipPlanPremiumRuleS
[ERROR] 
[ERROR] 
[ERROR] 
[ERROR] 
[ERROR] 
[ERROR] 
[ERROR] 
[ERROR] /C:/Users/TebogoMohale/IdeaProjects/mawa-bes/src/main/java/za/co/mawa/bes/mapper/UserRoleMapper.java:[27,30] 
[ERROR] 
[ERROR] /C:/Users/TebogoMohale/IdeaProjects/mawa-bes/src/main/java/za/co/mawa/bes/mapper/notification/NotificationMappe
[ERROR] /C:/Users/TebogoMohale/IdeaProjects/mawa-bes/src/main/java/za/co/mawa/bes/service/v2/MembershipPremiumSyncOffli
[ERROR] /C:/Users/TebogoMohale/IdeaProjects/mawa-bes/src/main/java/za/co/mawa/bes/service/v2/MembershipPremiumSyncOffli
[ERROR] /C:/Users/TebogoMohale/IdeaProjects/mawa-bes/src/main/java/za/co/mawa/bes/service/v2/MembershipPremiumSyncOffli
[ERROR] /C:/Users/TebogoMohale/IdeaProjects/mawa-bes/src/main/java/za/co/mawa/bes/mapper/v2/CashupPaymentSummaryMapper.
[ERROR] /C:/Users/TebogoMohale/IdeaProjects/mawa-bes/src/main/java/za/co/mawa/bes/mapper/v2/CashupPaymentSummaryMapper.
[ERROR] /C:/Users/TebogoMohale/IdeaProjects/mawa-bes/src/main/java/za/co/mawa/bes/mapper/v2/CashupPaymentSummaryMapper.
[ERROR] 
[ERROR] 
[ERROR] 
[ERROR] 
[ERROR] 
[ERROR] 
[ERROR] 
[ERROR] 
[ERROR] 
[ERROR] 
[ERROR] /C:/Users/TebogoMohale/IdeaProjects/mawa-bes/src/main/java/za/co/mawa/bes/mapper/InvoiceMapper.java:[36,39] 
[ERROR] /C:/Users/TebogoMohale/IdeaProjects/mawa-bes/src/main/java/za/co/mawa/bes/mapper/InvoiceMapper.java:[59,40] 
[ERROR] /C:/Users/TebogoMohale/IdeaProjects/mawa-bes/src/main/java/za/co/mawa/bes/mapper/InvoiceMapper.java:[82,41] 
[ERROR] 
[ERROR] 
[ERROR] 
[ERROR] 
[ERROR] 
[ERROR] 
[ERROR] 
[ERROR] 
[ERROR] /C:/Users/TebogoMohale/IdeaProjects/mawa-bes/src/main/java/za/co/mawa/bes/mapper/notification/NotificationLogMa
[ERROR] /C:/Users/TebogoMohale/IdeaProjects/mawa-bes/src/main/java/za/co/mawa/bes/mapper/product/ProductCategoryMapper.
[ERROR] Failed to execute goal org.apache.maven.plugins:maven-compiler-plugin:3.11.0:compile (default-compile) on 
[ERROR] 
[ERROR]     constructor za.co.mawa.bes.entity.transaction.TransactionDateEntity.TransactionDateEntity() is not 
[ERROR]       (actual and formal argument lists differ in length)
[ERROR]     constructor za.co.mawa.bes.entity.transaction.TransactionDateEntity.TransactionDateEntity(za.co.mawa.bes.en
[ERROR]       (actual and formal argument lists differ in length)
[ERROR] 
[ERROR]     constructor za.co.mawa.bes.entity.transaction.TransactionLinkEntity.TransactionLinkEntity() is not 
[ERROR]       (actual and formal argument lists differ in length)
[ERROR]     constructor za.co.mawa.bes.entity.transaction.TransactionLinkEntity.TransactionLinkEntity(za.co.mawa.bes.en
[ERROR]       (actual and formal argument lists differ in length)
[ERROR] 
[ERROR] 
[ERROR] 
[ERROR] 
[ERROR] 
[ERROR] /C:/Users/TebogoMohale/IdeaProjects/mawa-bes/src/main/java/za/co/mawa/bes/mapper/PrintJobMapper.java:[22,34] 
[ERROR]   symbol:   method getCompleted()
[ERROR]   location: variable entity of type za.co.mawa.bes.entity.PrintJobEntity
[ERROR] /C:/Users/TebogoMohale/IdeaProjects/mawa-bes/src/main/java/za/co/mawa/bes/mapper/PrintJobMapper.java:[35,35] 
[ERROR]   symbol:   method getCompleted()
[ERROR]   location: variable request of type za.co.mawa.bes.dto.PrintJobCreateRequestDto
[ERROR] /C:/Users/TebogoMohale/IdeaProjects/mawa-bes/src/main/java/za/co/mawa/bes/mapper/PrintJobMapper.java:[48,36] 
[ERROR]   symbol:   method getCompleted()
[ERROR]   location: variable request of type za.co.mawa.bes.dto.PrintJobUpdateRequestDto
[ERROR] 
[ERROR] 
[ERROR] 
[ERROR] /C:/Users/TebogoMohale/IdeaProjects/mawa-bes/src/main/java/za/co/mawa/bes/service/v2/MembershipPlanClaimPayoutS
[ERROR]   symbol:   method planId(java.lang.String)
[ERROR]   location: class 
[ERROR] /C:/Users/TebogoMohale/IdeaProjects/mawa-bes/src/main/java/za/co/mawa/bes/service/v2/MembershipPremiumPaymentSe
[ERROR] /C:/Users/TebogoMohale/IdeaProjects/mawa-bes/src/main/java/za/co/mawa/bes/service/v2/MembershipPremiumPaymentSe
[ERROR]   symbol:   method getAllocations()
[ERROR]   location: variable lastReceipt of type za.co.mawa.bes.dto.v2.ReceiptResponseDto
[ERROR] /C:/Users/TebogoMohale/IdeaProjects/mawa-bes/src/main/java/za/co/mawa/bes/service/v2/MembershipPremiumPaymentSe
[ERROR]   symbol:   method getAllocations()
[ERROR]   location: variable lastReceipt of type za.co.mawa.bes.dto.v2.ReceiptResponseDto
[ERROR] /C:/Users/TebogoMohale/IdeaProjects/mawa-bes/src/main/java/za/co/mawa/bes/service/v2/MembershipPremiumPaymentSe
[ERROR]   symbol:   method getAllocations()
[ERROR]   location: variable lastReceipt of type za.co.mawa.bes.dto.v2.ReceiptResponseDto
[ERROR] /C:/Users/TebogoMohale/IdeaProjects/mawa-bes/src/main/java/za/co/mawa/bes/service/v2/MembershipPremiumPaymentSe
[ERROR]   symbol:   method getAllocations()
[ERROR]   location: variable lastReceipt of type za.co.mawa.bes.dto.v2.ReceiptResponseDto
[ERROR] /C:/Users/TebogoMohale/IdeaProjects/mawa-bes/src/main/java/za/co/mawa/bes/service/v2/MembershipPremiumPaymentSe
[ERROR]   symbol:   method getAllocations()
[ERROR]   location: variable lastReceipt of type za.co.mawa.bes.dto.v2.ReceiptResponseDto
[ERROR] /C:/Users/TebogoMohale/IdeaProjects/mawa-bes/src/main/java/za/co/mawa/bes/service/v2/MembershipPremiumPaymentSe
[ERROR]   symbol:   method getAllocations()
[ERROR]   location: variable lastReceipt of type za.co.mawa.bes.dto.v2.ReceiptResponseDto
[ERROR] 
[ERROR]     java.lang.String cannot be converted to za.co.mawa.bes.enums.ReceiptSourceType
[ERROR] 
[ERROR]     java.lang.String cannot be converted to za.co.mawa.bes.enums.ReceiptAllocationType
[ERROR] /C:/Users/TebogoMohale/IdeaProjects/mawa-bes/src/main/java/za/co/mawa/bes/service/v2/MembershipPlanPremiumRuleS
[ERROR]   symbol:   method planId(java.lang.String)
[ERROR]   location: class 
[ERROR] 
[ERROR] 
[ERROR]   symbol:   method getPartner_no()
[ERROR]   location: variable entity of type za.co.mawa.bes.entity.PartnerDatePKEntity
[ERROR] 
[ERROR]   symbol:   method partner_no(java.lang.String)
[ERROR]   location: class za.co.mawa.bes.entity.PartnerDatePKEntity.PartnerDatePKEntityBuilder
[ERROR] 
[ERROR]   symbol:   method setPartner_no(java.lang.String)
[ERROR]   location: variable entity of type za.co.mawa.bes.entity.PartnerDatePKEntity
[ERROR] 
[ERROR]     constructor za.co.mawa.bes.entity.CashupRangeAllocationEntity.CashupRangeAllocationEntity() is not 
[ERROR]       (actual and formal argument lists differ in length)
[ERROR]     constructor za.co.mawa.bes.entity.CashupRangeAllocationEntity.CashupRangeAllocationEntity(java.lang.Long,ja
[ERROR]       (actual and formal argument lists differ in length)
[ERROR] 
[ERROR] 
[ERROR] /C:/Users/TebogoMohale/IdeaProjects/mawa-bes/src/main/java/za/co/mawa/bes/mapper/UserRoleMapper.java:[27,30] 
[ERROR]   symbol:   method builder()
[ERROR]   location: class za.co.mawa.bes.entity.UserRoleEntity
[ERROR] 
[ERROR]     constructor za.co.mawa.bes.entity.ReceiptRangeAllocationEntity.ReceiptRangeAllocationEntity() is not 
[ERROR]       (actual and formal argument lists differ in length)
[ERROR]     constructor za.co.mawa.bes.entity.ReceiptRangeAllocationEntity.ReceiptRangeAllocationEntity(java.lang.Long,
[ERROR]       (actual and formal argument lists differ in length)
[ERROR] /C:/Users/TebogoMohale/IdeaProjects/mawa-bes/src/main/java/za/co/mawa/bes/mapper/notification/NotificationMappe
[ERROR]   symbol:   method builder()
[ERROR]   location: class za.co.mawa.bes.entity.notification.NotificationEntity
[ERROR] /C:/Users/TebogoMohale/IdeaProjects/mawa-bes/src/main/java/za/co/mawa/bes/service/v2/MembershipPremiumSyncOffli
[ERROR]   symbol:   method getAllocations()
[ERROR]   location: variable lastReceipt of type za.co.mawa.bes.dto.v2.ReceiptResponseDto
[ERROR] /C:/Users/TebogoMohale/IdeaProjects/mawa-bes/src/main/java/za/co/mawa/bes/service/v2/MembershipPremiumSyncOffli
[ERROR]   symbol:   method getAllocations()
[ERROR]   location: variable lastReceipt of type za.co.mawa.bes.dto.v2.ReceiptResponseDto
[ERROR] /C:/Users/TebogoMohale/IdeaProjects/mawa-bes/src/main/java/za/co/mawa/bes/service/v2/MembershipPremiumSyncOffli
[ERROR]   symbol:   method getAllocations()
[ERROR]   location: variable lastReceipt of type za.co.mawa.bes.dto.v2.ReceiptResponseDto
[ERROR] /C:/Users/TebogoMohale/IdeaProjects/mawa-bes/src/main/java/za/co/mawa/bes/mapper/v2/CashupPaymentSummaryMapper.
[ERROR] /C:/Users/TebogoMohale/IdeaProjects/mawa-bes/src/main/java/za/co/mawa/bes/mapper/v2/CashupPaymentSummaryMapper.
[ERROR] /C:/Users/TebogoMohale/IdeaProjects/mawa-bes/src/main/java/za/co/mawa/bes/mapper/v2/CashupPaymentSummaryMapper.
[ERROR] 
[ERROR] 
[ERROR] 
[ERROR] 
[ERROR] 
[ERROR] 
[ERROR] 
[ERROR] 
[ERROR] 
[ERROR] 
[ERROR] /C:/Users/TebogoMohale/IdeaProjects/mawa-bes/src/main/java/za/co/mawa/bes/mapper/InvoiceMapper.java:[36,39] 
[ERROR] /C:/Users/TebogoMohale/IdeaProjects/mawa-bes/src/main/java/za/co/mawa/bes/mapper/InvoiceMapper.java:[59,40] 
[ERROR] /C:/Users/TebogoMohale/IdeaProjects/mawa-bes/src/main/java/za/co/mawa/bes/mapper/InvoiceMapper.java:[82,41] 
[ERROR] 
[ERROR] 
[ERROR] 
[ERROR] 
[ERROR] 
[ERROR] 
[ERROR]   required: S
[ERROR]   found:    za.co.mawa.bes.dto.PremiumResponseDto
[ERROR]   reason: inference variable S has incompatible bounds
[ERROR]     upper bounds: za.co.mawa.bes.entity.PremiumEntity
[ERROR]     lower bounds: za.co.mawa.bes.dto.PremiumResponseDto
[ERROR] 
[ERROR] 
[ERROR]   required: S
[ERROR]   found:    za.co.mawa.bes.dto.PrintJobResponseDto
[ERROR]   reason: inference variable S has incompatible bounds
[ERROR]     upper bounds: za.co.mawa.bes.entity.PrintJobEntity
[ERROR]     lower bounds: za.co.mawa.bes.dto.PrintJobResponseDto
[ERROR] /C:/Users/TebogoMohale/IdeaProjects/mawa-bes/src/main/java/za/co/mawa/bes/mapper/notification/NotificationLogMa
[ERROR]   symbol:   method builder()
[ERROR]   location: class za.co.mawa.bes.entity.notification.NotificationLogEntity
[ERROR] /C:/Users/TebogoMohale/IdeaProjects/mawa-bes/src/main/java/za/co/mawa/bes/mapper/product/ProductCategoryMapper.
[ERROR]   symbol:   method builder()
[ERROR]   location: class za.co.mawa.bes.entity.product.ProductCategoryEntity
[ERROR] -> [Help 1]
[ERROR] 
[ERROR] To see the full stack trace of the errors, re-run Maven with the -e switch.
[ERROR] Re-run Maven using the -X switch to enable full debug logging.
[ERROR] 
[ERROR] For more information about the errors and possible solutions, please read the following articles:
[ERROR] [Help 1] http://cwiki.apache.org/confluence/display/MAVEN/MojoFailureException


